Archive member included because of file (symbol)

c:/users/rs3b/appdata/local/arduino15/packages/seeeduino/tools/arm-none-eabi-gcc/4.8.3-2014q1/bin/../lib/gcc/arm-none-eabi/4.8.3/../../../../arm-none-eabi/lib/armv6-m\libm.a(lib_a-w_pow.o)
                              C:\Users\RS3B\AppData\Local\Temp\VMBuilds\seeedtea\Seeeduino_seeeduino_Seeeduino_SAMD_rolawan\Debug\BME280.cpp.o (pow)
c:/users/rs3b/appdata/local/arduino15/packages/seeeduino/tools/arm-none-eabi-gcc/4.8.3-2014q1/bin/../lib/gcc/arm-none-eabi/4.8.3/../../../../arm-none-eabi/lib/armv6-m\libm.a(lib_a-e_pow.o)
                              c:/users/rs3b/appdata/local/arduino15/packages/seeeduino/tools/arm-none-eabi-gcc/4.8.3-2014q1/bin/../lib/gcc/arm-none-eabi/4.8.3/../../../../arm-none-eabi/lib/armv6-m\libm.a(lib_a-w_pow.o) (__ieee754_pow)
c:/users/rs3b/appdata/local/arduino15/packages/seeeduino/tools/arm-none-eabi-gcc/4.8.3-2014q1/bin/../lib/gcc/arm-none-eabi/4.8.3/../../../../arm-none-eabi/lib/armv6-m\libm.a(lib_a-e_sqrt.o)
                              c:/users/rs3b/appdata/local/arduino15/packages/seeeduino/tools/arm-none-eabi-gcc/4.8.3-2014q1/bin/../lib/gcc/arm-none-eabi/4.8.3/../../../../arm-none-eabi/lib/armv6-m\libm.a(lib_a-e_pow.o) (__ieee754_sqrt)
c:/users/rs3b/appdata/local/arduino15/packages/seeeduino/tools/arm-none-eabi-gcc/4.8.3-2014q1/bin/../lib/gcc/arm-none-eabi/4.8.3/../../../../arm-none-eabi/lib/armv6-m\libm.a(lib_a-s_fabs.o)
                              c:/users/rs3b/appdata/local/arduino15/packages/seeeduino/tools/arm-none-eabi-gcc/4.8.3-2014q1/bin/../lib/gcc/arm-none-eabi/4.8.3/../../../../arm-none-eabi/lib/armv6-m\libm.a(lib_a-e_pow.o) (fabs)
c:/users/rs3b/appdata/local/arduino15/packages/seeeduino/tools/arm-none-eabi-gcc/4.8.3-2014q1/bin/../lib/gcc/arm-none-eabi/4.8.3/../../../../arm-none-eabi/lib/armv6-m\libm.a(lib_a-s_finite.o)
                              c:/users/rs3b/appdata/local/arduino15/packages/seeeduino/tools/arm-none-eabi-gcc/4.8.3-2014q1/bin/../lib/gcc/arm-none-eabi/4.8.3/../../../../arm-none-eabi/lib/armv6-m\libm.a(lib_a-w_pow.o) (finite)
c:/users/rs3b/appdata/local/arduino15/packages/seeeduino/tools/arm-none-eabi-gcc/4.8.3-2014q1/bin/../lib/gcc/arm-none-eabi/4.8.3/../../../../arm-none-eabi/lib/armv6-m\libm.a(lib_a-s_fpclassify.o)
                              c:/users/rs3b/appdata/local/arduino15/packages/seeeduino/tools/arm-none-eabi-gcc/4.8.3-2014q1/bin/../lib/gcc/arm-none-eabi/4.8.3/../../../../arm-none-eabi/lib/armv6-m\libm.a(lib_a-w_pow.o) (__fpclassifyd)
c:/users/rs3b/appdata/local/arduino15/packages/seeeduino/tools/arm-none-eabi-gcc/4.8.3-2014q1/bin/../lib/gcc/arm-none-eabi/4.8.3/../../../../arm-none-eabi/lib/armv6-m\libm.a(lib_a-s_lib_ver.o)
                              c:/users/rs3b/appdata/local/arduino15/packages/seeeduino/tools/arm-none-eabi-gcc/4.8.3-2014q1/bin/../lib/gcc/arm-none-eabi/4.8.3/../../../../arm-none-eabi/lib/armv6-m\libm.a(lib_a-w_pow.o) (__fdlib_version)
c:/users/rs3b/appdata/local/arduino15/packages/seeeduino/tools/arm-none-eabi-gcc/4.8.3-2014q1/bin/../lib/gcc/arm-none-eabi/4.8.3/../../../../arm-none-eabi/lib/armv6-m\libm.a(lib_a-s_matherr.o)
                              c:/users/rs3b/appdata/local/arduino15/packages/seeeduino/tools/arm-none-eabi-gcc/4.8.3-2014q1/bin/../lib/gcc/arm-none-eabi/4.8.3/../../../../arm-none-eabi/lib/armv6-m\libm.a(lib_a-w_pow.o) (matherr)
c:/users/rs3b/appdata/local/arduino15/packages/seeeduino/tools/arm-none-eabi-gcc/4.8.3-2014q1/bin/../lib/gcc/arm-none-eabi/4.8.3/../../../../arm-none-eabi/lib/armv6-m\libm.a(lib_a-s_nan.o)
                              c:/users/rs3b/appdata/local/arduino15/packages/seeeduino/tools/arm-none-eabi-gcc/4.8.3-2014q1/bin/../lib/gcc/arm-none-eabi/4.8.3/../../../../arm-none-eabi/lib/armv6-m\libm.a(lib_a-e_pow.o) (nan)
c:/users/rs3b/appdata/local/arduino15/packages/seeeduino/tools/arm-none-eabi-gcc/4.8.3-2014q1/bin/../lib/gcc/arm-none-eabi/4.8.3/../../../../arm-none-eabi/lib/armv6-m\libm.a(lib_a-s_rint.o)
                              c:/users/rs3b/appdata/local/arduino15/packages/seeeduino/tools/arm-none-eabi-gcc/4.8.3-2014q1/bin/../lib/gcc/arm-none-eabi/4.8.3/../../../../arm-none-eabi/lib/armv6-m\libm.a(lib_a-w_pow.o) (rint)
c:/users/rs3b/appdata/local/arduino15/packages/seeeduino/tools/arm-none-eabi-gcc/4.8.3-2014q1/bin/../lib/gcc/arm-none-eabi/4.8.3/../../../../arm-none-eabi/lib/armv6-m\libm.a(lib_a-s_scalbn.o)
                              c:/users/rs3b/appdata/local/arduino15/packages/seeeduino/tools/arm-none-eabi-gcc/4.8.3-2014q1/bin/../lib/gcc/arm-none-eabi/4.8.3/../../../../arm-none-eabi/lib/armv6-m\libm.a(lib_a-e_pow.o) (scalbn)
c:/users/rs3b/appdata/local/arduino15/packages/seeeduino/tools/arm-none-eabi-gcc/4.8.3-2014q1/bin/../lib/gcc/arm-none-eabi/4.8.3/../../../../arm-none-eabi/lib/armv6-m\libm.a(lib_a-s_copysign.o)
[...]
Memory Configuration

Name             Origin             Length             Attributes
FLASH            0x00002000         0x0003e000         xr
RAM              0x20000000         0x00008000         xrw
*default*        0x00000000         0xffffffff

Linker script and memory map

LOAD c:/users/rs3b/appdata/local/arduino15/packages/seeeduino/tools/arm-none-eabi-gcc/4.8.3-2014q1/bin/../lib/gcc/arm-none-eabi/4.8.3/armv6-m/crti.o
LOAD c:/users/rs3b/appdata/local/arduino15/packages/seeeduino/tools/arm-none-eabi-gcc/4.8.3-2014q1/bin/../lib/gcc/arm-none-eabi/4.8.3/armv6-m/crtbegin.o
LOAD c:/users/rs3b/appdata/local/arduino15/packages/seeeduino/tools/arm-none-eabi-gcc/4.8.3-2014q1/bin/../lib/gcc/arm-none-eabi/4.8.3/../../../../arm-none-eabi/lib/armv6-m/crt0.o
LOAD C:\Users\RS3B\AppData\Local\Temp\VMBuilds\seeedtea\Seeeduino_seeeduino_Seeeduino_SAMD_rolawan\Debug\seeedtea.cpp.o
LOAD C:\Users\RS3B\AppData\Local\Temp\VMBuilds\seeedtea\Seeeduino_seeeduino_Seeeduino_SAMD_rolawan\Debug\BME280.cpp.o
LOAD C:\Users\RS3B\AppData\Local\Temp\VMBuilds\seeedtea\Seeeduino_seeeduino_Seeeduino_SAMD_rolawan\Debug\CO2.cpp.o
LOAD C:\Users\RS3B\AppData\Local\Temp\VMBuilds\seeedtea\Seeeduino_seeeduino_Seeeduino_SAMD_rolawan\Debug\Digital_Light_TSL2561.cpp.o
LOAD C:\Users\RS3B\AppData\Local\Temp\VMBuilds\seeedtea\Seeeduino_seeeduino_Seeeduino_SAMD_rolawan\Debug\Dust_other.cpp.o
LOAD C:\Users\RS3B\AppData\Local\Temp\VMBuilds\seeedtea\Seeeduino_seeeduino_Seeeduino_SAMD_rolawan\Debug\Oxygen.cpp.o
LOAD C:\Users\RS3B\AppData\Local\Temp\VMBuilds\seeedtea\Seeeduino_seeeduino_Seeeduino_SAMD_rolawan\Debug\seeed_Lora.cpp.o
LOAD C:\Users\RS3B\AppData\Local\Temp\VMBuilds\seeedtea\Seeeduino_seeeduino_Seeeduino_SAMD_rolawan\Debug\SHT1x.cpp.o
LOAD C:\Users\RS3B\AppData\Local\Temp\VMBuilds\seeedtea\Seeeduino_seeeduino_Seeeduino_SAMD_rolawan\Debug\Wire\Wire.cpp.o
LOAD C:\Users\RS3B\AppData\Local\Temp\VMBuilds\seeedtea\Seeeduino_seeeduino_Seeeduino_SAMD_rolawan\Debug\LoRaWan\LoRaWan.cpp.o
LOAD C:\Users\RS3B\AppData\Local\Temp\VMBuilds\seeedtea\Seeeduino_seeeduino_Seeeduino_SAMD_rolawan\Debug\SoftwareSerial\SoftwareSerial.cpp.o
LOAD C:\Users\RS3B\AppData\Local\Temp\VMBuilds\seeedtea\Seeeduino_seeeduino_Seeeduino_SAMD_rolawan\Debug\EnergySaving\EnergySaving.cpp.o
LOAD C:\Users\RS3B\AppData\Local\Temp\VMBuilds\seeedtea\Seeeduino_seeeduino_Seeeduino_SAMD_rolawan\Debug\VM_DBG\VM_DBG.cpp.o
LOAD C:\Users\RS3B\AppData\Local\Temp\VMBuilds\seeedtea\Seeeduino_seeeduino_Seeeduino_SAMD_rolawan\Debug\VM_DBG\VM_mem_check_sam.cpp.o
LOAD C:\Users\RS3B\AppData\Local\Temp\VMBCore\arduino16x\b178ba6d24a655359356452cc8a3b2e5\variant\variant.cpp.o
START GROUP
LOAD c:/users/rs3b/appdata/local/arduino15/packages/seeeduino/tools/arm-none-eabi-gcc/4.8.3-2014q1/bin/../lib/gcc/arm-none-eabi/4.8.3/../../../../arm-none-eabi/lib/armv6-m\libm.a
LOAD C:\Users\RS3B\AppData\Local\Temp\VMBuilds\seeedtea\Seeeduino_seeeduino_Seeeduino_SAMD_rolawan\Debug/core.a
END GROUP
START GROUP
LOAD c:/users/rs3b/appdata/local/arduino15/packages/seeeduino/tools/arm-none-eabi-gcc/4.8.3-2014q1/bin/../lib/gcc/arm-none-eabi/4.8.3/armv6-m\libgcc.a
LOAD c:/users/rs3b/appdata/local/arduino15/packages/seeeduino/tools/arm-none-eabi-gcc/4.8.3-2014q1/bin/../lib/gcc/arm-none-eabi/4.8.3/../../../../arm-none-eabi/lib/armv6-m\libc_s.a
END GROUP
START GROUP
LOAD c:/users/rs3b/appdata/local/arduino15/packages/seeeduino/tools/arm-none-eabi-gcc/4.8.3-2014q1/bin/../lib/gcc/arm-none-eabi/4.8.3/armv6-m\libgcc.a
LOAD c:/users/rs3b/appdata/local/arduino15/packages/seeeduino/tools/arm-none-eabi-gcc/4.8.3-2014q1/bin/../lib/gcc/arm-none-eabi/4.8.3/../../../../arm-none-eabi/lib/armv6-m\libc_s.a
LOAD c:/users/rs3b/appdata/local/arduino15/packages/seeeduino/tools/arm-none-eabi-gcc/4.8.3-2014q1/bin/../lib/gcc/arm-none-eabi/4.8.3/../../../../arm-none-eabi/lib/armv6-m\libnosys.a
END GROUP
START GROUP
LOAD c:/users/rs3b/appdata/local/arduino15/packages/seeeduino/tools/arm-none-eabi-gcc/4.8.3-2014q1/bin/../lib/gcc/arm-none-eabi/4.8.3/armv6-m\libgcc.a
LOAD c:/users/rs3b/appdata/local/arduino15/packages/seeeduino/tools/arm-none-eabi-gcc/4.8.3-2014q1/bin/../lib/gcc/arm-none-eabi/4.8.3/../../../../arm-none-eabi/lib/armv6-m\libc_s.a
LOAD c:/users/rs3b/appdata/local/arduino15/packages/seeeduino/tools/arm-none-eabi-gcc/4.8.3-2014q1/bin/../lib/gcc/arm-none-eabi/4.8.3/../../../../arm-none-eabi/lib/armv6-m\libnosys.a
END GROUP
LOAD c:/users/rs3b/appdata/local/arduino15/packages/seeeduino/tools/arm-none-eabi-gcc/4.8.3-2014q1/bin/../lib/gcc/arm-none-eabi/4.8.3/armv6-m/crtend.o
LOAD c:/users/rs3b/appdata/local/arduino15/packages/seeeduino/tools/arm-none-eabi-gcc/4.8.3-2014q1/bin/../lib/gcc/arm-none-eabi/4.8.3/armv6-m/crtn.o

.text           0x00002000     0xa660
 *(.isr_vector)
 .isr_vector    0x00002000       0xb0 C:\Users\RS3B\AppData\Local\Temp\VMBuilds\seeedtea\Seeeduino_seeeduino_Seeeduino_SAMD_rolawan\Debug/core.a(cortex_handlers.c.o)
                0x00002000                exception_table
 *(.text*)
 .text          0x000020b0       0x60 c:/users/rs3b/appdata/local/arduino15/packages/seeeduino/tools/arm-none-eabi-gcc/4.8.3-2014q1/bin/../lib/gcc/arm-none-eabi/4.8.3/armv6-m/crtbegin.o
 .text.setup    0x00002110       0xc4 C:\Users\RS3B\AppData\Local\Temp\VMBuilds\seeedtea\Seeeduino_seeeduino_Seeeduino_SAMD_rolawan\Debug\seeedtea.cpp.o
                0x00002110                setup
 .text.loop     0x000021d4      0x3b8 C:\Users\RS3B\AppData\Local\Temp\VMBuilds\seeedtea\Seeeduino_seeeduino_Seeeduino_SAMD_rolawan\Debug\seeedtea.cpp.o
                0x000021d4                loop
 .text.startup._GLOBAL__sub_I___VisualMicro_DEBUG_1_HITCOUNTER__
                0x0000258c       0x14 C:\Users\RS3B\AppData\Local\Temp\VMBuilds\seeedtea\Seeeduino_seeeduino_Seeeduino_SAMD_rolawan\Debug\seeedtea.cpp.o
 .text._ZN6BME28013writeRegisterEhh
                0x000025a0       0x2c C:\Users\RS3B\AppData\Local\Temp\VMBuilds\seeedtea\Seeeduino_seeeduino_Seeeduino_SAMD_rolawan\Debug\BME280.cpp.o
                0x000025a0                BME280::writeRegister(unsigned char, unsigned char)
 .text._ZN6BME28011BME280Read8Eh
                0x000025cc       0x4c C:\Users\RS3B\AppData\Local\Temp\VMBuilds\seeedtea\Seeeduino_seeeduino_Seeeduino_SAMD_rolawan\Debug\BME280.cpp.o
                0x000025cc                BME280::BME280Read8(unsigned char)
 .text._ZN6BME28012BME280Read16Eh
                0x00002618       0x5c C:\Users\RS3B\AppData\Local\Temp\VMBuilds\seeedtea\Seeeduino_seeeduino_Seeeduino_SAMD_rolawan\Debug\BME280.cpp.o
                0x00002618                BME280::BME280Read16(unsigned char)
 .text._ZN6BME28014BME280Read16LEEh
                0x00002674        0xc C:\Users\RS3B\AppData\Local\Temp\VMBuilds\seeedtea\Seeeduino_seeeduino_Seeeduino_SAMD_rolawan\Debug\BME280.cpp.o
                0x00002674                BME280::BME280Read16LE(unsigned char)
 .text._ZN6BME2804initEv
                0x00002680      0x114 C:\Users\RS3B\AppData\Local\Temp\VMBuilds\seeedtea\Seeeduino_seeeduino_Seeeduino_SAMD_rolawan\Debug\BME280.cpp.o
                0x00002680                BME280::init()
 .text._ZN6BME28012BME280Read24Eh
                0x00002794       0x60 C:\Users\RS3B\AppData\Local\Temp\VMBuilds\seeedtea\Seeeduino_seeeduino_Seeeduino_SAMD_rolawan\Debug\BME280.cpp.o
                0x00002794                BME280::BME280Read24(unsigned char)
 .text._ZN6BME28014getTemperatureEv
                0x000027f4       0x50 C:\Users\RS3B\AppData\Local\Temp\VMBuilds\seeedtea\Seeeduino_seeeduino_Seeeduino_SAMD_rolawan\Debug\BME280.cpp.o
                0x000027f4                BME280::getTemperature()
 *fill*         0x00002844        0x4 
 .text._ZN6BME28011getHumidityEv
                0x00002848       0xb0 C:\Users\RS3B\AppData\Local\Temp\VMBuilds\seeedtea\Seeeduino_seeeduino_Seeeduino_SAMD_rolawan\Debug\BME280.cpp.o
                0x00002848                BME280::getHumidity()
 .text._ZN6BME28011getPressureEv
                0x000028f8      0x1a0 C:\Users\RS3B\AppData\Local\Temp\VMBuilds\seeedtea\Seeeduino_seeeduino_Seeeduino_SAMD_rolawan\Debug\BME280.cpp.o
                0x000028f8                BME280::getPressure()
 .text._Z8CO2_initv
                0x00002a98       0x14 C:\Users\RS3B\AppData\Local\Temp\VMBuilds\seeedtea\Seeeduino_seeeduino_Seeeduino_SAMD_rolawan\Debug\CO2.cpp.o
                0x00002a98                CO2_init()
 .text.startup._GLOBAL__sub_I_CO2PPM
                0x00002aac       0x28 C:\Users\RS3B\AppData\Local\Temp\VMBuilds\seeedtea\Seeeduino_seeeduino_Seeeduino_SAMD_rolawan\Debug\CO2.cpp.o
 .text._Z15CO2_dataRecievev
                0x00002ad4       0xa0 C:\Users\RS3B\AppData\Local\Temp\VMBuilds\seeedtea\Seeeduino_seeeduino_Seeeduino_SAMD_rolawan\Debug\CO2.cpp.o
                0x00002ad4                CO2_dataRecieve()
 .text._ZN7TwoWire5writeEi
                0x00002b74        0xc C:\Users\RS3B\AppData\Local\Temp\VMBuilds\seeedtea\Seeeduino_seeeduino_Seeeduino_SAMD_rolawan\Debug\Digital_Light_TSL2561.cpp.o
                0x00002b74                TwoWire::write(int)
 .text._ZN20TSL2561_CalculateLux12calculateLuxEjji
                0x00002b80      0x180 C:\Users\RS3B\AppData\Local\Temp\VMBuilds\seeedtea\Seeeduino_seeeduino_Seeeduino_SAMD_rolawan\Debug\Digital_Light_TSL2561.cpp.o
                0x00002b80                TSL2561_CalculateLux::calculateLux(unsigned int, unsigned int, int)
 .text._ZN20TSL2561_CalculateLux12readRegisterEii
                0x00002d00       0x40 C:\Users\RS3B\AppData\Local\Temp\VMBuilds\seeedtea\Seeeduino_seeeduino_Seeeduino_SAMD_rolawan\Debug\Digital_Light_TSL2561.cpp.o
                0x00002d00                TSL2561_CalculateLux::readRegister(int, int)
 .text._ZN20TSL2561_CalculateLux6getLuxEv
                0x00002d40       0x46 C:\Users\RS3B\AppData\Local\Temp\VMBuilds\seeedtea\Seeeduino_seeeduino_Seeeduino_SAMD_rolawan\Debug\Digital_Light_TSL2561.cpp.o
                0x00002d40                TSL2561_CalculateLux::getLux()
 *fill*         0x00002d86        0x2 
 .text._ZN20TSL2561_CalculateLux13writeRegisterEiih
                0x00002d88       0x2c C:\Users\RS3B\AppData\Local\Temp\VMBuilds\seeedtea\Seeeduino_seeeduino_Seeeduino_SAMD_rolawan\Debug\Digital_Light_TSL2561.cpp.o
                0x00002d88                TSL2561_CalculateLux::writeRegister(int, int, unsigned char)
 .text._ZN20TSL2561_CalculateLux4initEv
                0x00002db4       0x34 C:\Users\RS3B\AppData\Local\Temp\VMBuilds\seeedtea\Seeeduino_seeeduino_Seeeduino_SAMD_rolawan\Debug\Digital_Light_TSL2561.cpp.o
                0x00002db4                TSL2561_CalculateLux::init()
 .text._ZN20TSL2561_CalculateLux14readVisibleLuxEv
                0x00002de8       0x5c C:\Users\RS3B\AppData\Local\Temp\VMBuilds\seeedtea\Seeeduino_seeeduino_Seeeduino_SAMD_rolawan\Debug\Digital_Light_TSL2561.cpp.o
                0x00002de8                TSL2561_CalculateLux::readVisibleLux()
 *fill*         0x00002e44        0x4 
 .text._Z18Dust_concentrationv
                0x00002e48       0xe0 C:\Users\RS3B\AppData\Local\Temp\VMBuilds\seeedtea\Seeeduino_seeeduino_Seeeduino_SAMD_rolawan\Debug\Dust_other.cpp.o
                0x00002e48                Dust_concentration()
 .text._Z8O2_valuev
                0x00002f28       0x88 C:\Users\RS3B\AppData\Local\Temp\VMBuilds\seeedtea\Seeeduino_seeeduino_Seeeduino_SAMD_rolawan\Debug\Oxygen.cpp.o
                0x00002f28                O2_value()
 .text._Z10Lora_beginv
                0x00002fb0       0xc4 C:\Users\RS3B\AppData\Local\Temp\VMBuilds\seeedtea\Seeeduino_seeeduino_Seeeduino_SAMD_rolawan\Debug\seeed_Lora.cpp.o
                0x00002fb0                Lora_begin()
 .text._Z9Lora_sendh
                0x00003074       0x40 C:\Users\RS3B\AppData\Local\Temp\VMBuilds\seeedtea\Seeeduino_seeeduino_Seeeduino_SAMD_rolawan\Debug\seeed_Lora.cpp.o
                0x00003074                Lora_send(unsigned char)
 .text._ZN5SHT1xC2Eii
                0x000030b4        0x6 C:\Users\RS3B\AppData\Local\Temp\VMBuilds\seeedtea\Seeeduino_seeeduino_Seeeduino_SAMD_rolawan\Debug\SHT1x.cpp.o
                0x000030b4                SHT1x::SHT1x(int, int)
                0x000030b4                SHT1x::SHT1x(int, int)
 .text._ZN5SHT1x7shiftInEiii
                0x000030ba       0x3a C:\Users\RS3B\AppData\Local\Temp\VMBuilds\seeedtea\Seeeduino_seeeduino_Seeeduino_SAMD_rolawan\Debug\SHT1x.cpp.o
                0x000030ba                SHT1x::shiftIn(int, int, int)
 .text._ZN5SHT1x14sendCommandSHTEiii
                0x000030f4       0x82 C:\Users\RS3B\AppData\Local\Temp\VMBuilds\seeedtea\Seeeduino_seeeduino_Seeeduino_SAMD_rolawan\Debug\SHT1x.cpp.o
                0x000030f4                SHT1x::sendCommandSHT(int, int, int)
 .text._ZN5SHT1x16waitForResultSHTEi
                0x00003176       0x26 C:\Users\RS3B\AppData\Local\Temp\VMBuilds\seeedtea\Seeeduino_seeeduino_Seeeduino_SAMD_rolawan\Debug\SHT1x.cpp.o
                0x00003176                SHT1x::waitForResultSHT(int)
 .text._ZN5SHT1x12getData16SHTEii
                0x0000319c       0x66 C:\Users\RS3B\AppData\Local\Temp\VMBuilds\seeedtea\Seeeduino_seeeduino_Seeeduino_SAMD_rolawan\Debug\SHT1x.cpp.o
                0x0000319c                SHT1x::getData16SHT(int, int)
 .text._ZN5SHT1x10skipCrcSHTEii
                0x00003202       0x30 C:\Users\RS3B\AppData\Local\Temp\VMBuilds\seeedtea\Seeeduino_seeeduino_Seeeduino_SAMD_rolawan\Debug\SHT1x.cpp.o
                0x00003202                SHT1x::skipCrcSHT(int, int)
 .text._ZN5SHT1x18readTemperatureRawEv
                0x00003232       0x34 C:\Users\RS3B\AppData\Local\Temp\VMBuilds\seeedtea\Seeeduino_seeeduino_Seeeduino_SAMD_rolawan\Debug\SHT1x.cpp.o
                0x00003232                SHT1x::readTemperatureRaw()
 *fill*         0x00003266        0x2 
 .text._ZN5SHT1x16readTemperatureCEv
                0x00003268       0x24 C:\Users\RS3B\AppData\Local\Temp\VMBuilds\seeedtea\Seeeduino_seeeduino_Seeeduino_SAMD_rolawan\Debug\SHT1x.cpp.o
                0x00003268                SHT1x::readTemperatureC()
 *fill*         0x0000328c        0x4 
 .text._ZN5SHT1x12readHumidityEv
                0x00003290       0xc8 C:\Users\RS3B\AppData\Local\Temp\VMBuilds\seeedtea\Seeeduino_seeeduino_Seeeduino_SAMD_rolawan\Debug\SHT1x.cpp.o
                0x00003290                SHT1x::readHumidity()
 .text._ZN7TwoWire5writeEPKhj
                0x00003358       0x24 C:\Users\RS3B\AppData\Local\Temp\VMBuilds\seeedtea\Seeeduino_seeeduino_Seeeduino_SAMD_rolawan\Debug\Wire\Wire.cpp.o
                0x00003358                TwoWire::write(unsigned char const*, unsigned int)
 .text._ZN7TwoWire5flushEv
                0x0000337c        0x2 C:\Users\RS3B\AppData\Local\Temp\VMBuilds\seeedtea\Seeeduino_seeeduino_Seeeduino_SAMD_rolawan\Debug\Wire\Wire.cpp.o
                0x0000337c                TwoWire::flush()
 .text._ZN7TwoWire4readEv
                0x0000337e        0xa C:\Users\RS3B\AppData\Local\Temp\VMBuilds\seeedtea\Seeeduino_seeeduino_Seeeduino_SAMD_rolawan\Debug\Wire\Wire.cpp.o
                0x0000337e                TwoWire::read()
 .text._ZN7TwoWire9availableEv
                0x00003388        0xa C:\Users\RS3B\AppData\Local\Temp\VMBuilds\seeedtea\Seeeduino_seeeduino_Seeeduino_SAMD_rolawan\Debug\Wire\Wire.cpp.o
                0x00003388                TwoWire::available()
 .text._ZN7TwoWire4peekEv
                0x00003392        0xa C:\Users\RS3B\AppData\Local\Temp\VMBuilds\seeedtea\Seeeduino_seeeduino_Seeeduino_SAMD_rolawan\Debug\Wire\Wire.cpp.o
                0x00003392                TwoWire::peek()
 .text._ZN7TwoWire5writeEh
                0x0000339c       0x3c C:\Users\RS3B\AppData\Local\Temp\VMBuilds\seeedtea\Seeeduino_seeeduino_Seeeduino_SAMD_rolawan\Debug\Wire\Wire.cpp.o
                0x0000339c                TwoWire::write(unsigned char)
 .text._ZN7TwoWireC2EP6SERCOMhh
                0x000033d8       0x3c C:\Users\RS3B\AppData\Local\Temp\VMBuilds\seeedtea\Seeeduino_seeeduino_Seeeduino_SAMD_rolawan\Debug\Wire\Wire.cpp.o
                0x000033d8                TwoWire::TwoWire(SERCOM*, unsigned char, unsigned char)
                0x000033d8                TwoWire::TwoWire(SERCOM*, unsigned char, unsigned char)
 .text._ZN7TwoWire5beginEv
                0x00003414       0x40 C:\Users\RS3B\AppData\Local\Temp\VMBuilds\seeedtea\Seeeduino_seeeduino_Seeeduino_SAMD_rolawan\Debug\Wire\Wire.cpp.o
                0x00003414                TwoWire::begin()
 .text._ZN7TwoWire11requestFromEhjb
                0x00003454       0x76 C:\Users\RS3B\AppData\Local\Temp\VMBuilds\seeedtea\Seeeduino_seeeduino_Seeeduino_SAMD_rolawan\Debug\Wire\Wire.cpp.o
                0x00003454                TwoWire::requestFrom(unsigned char, unsigned int, bool)
 .text._ZN7TwoWire11requestFromEhj
                0x000034ca        0xa C:\Users\RS3B\AppData\Local\Temp\VMBuilds\seeedtea\Seeeduino_seeeduino_Seeeduino_SAMD_rolawan\Debug\Wire\Wire.cpp.o
                0x000034ca                TwoWire::requestFrom(unsigned char, unsigned int)
 .text._ZN7TwoWire17beginTransmissionEh
                0x000034d4       0x16 C:\Users\RS3B\AppData\Local\Temp\VMBuilds\seeedtea\Seeeduino_seeeduino_Seeeduino_SAMD_rolawan\Debug\Wire\Wire.cpp.o
                0x000034d4                TwoWire::beginTransmission(unsigned char)
 .text._ZN7TwoWire15endTransmissionEb
                0x000034ea       0x66 C:\Users\RS3B\AppData\Local\Temp\VMBuilds\seeedtea\Seeeduino_seeeduino_Seeeduino_SAMD_rolawan\Debug\Wire\Wire.cpp.o
                0x000034ea                TwoWire::endTransmission(bool)
 .text._ZN7TwoWire15endTransmissionEv
                0x00003550        0xa C:\Users\RS3B\AppData\Local\Temp\VMBuilds\seeedtea\Seeeduino_seeeduino_Seeeduino_SAMD_rolawan\Debug\Wire\Wire.cpp.o
                0x00003550                TwoWire::endTransmission()
 .text._ZN7TwoWire9onServiceEv
                0x0000355a       0xd8 C:\Users\RS3B\AppData\Local\Temp\VMBuilds\seeedtea\Seeeduino_seeeduino_Seeeduino_SAMD_rolawan\Debug\Wire\Wire.cpp.o
                0x0000355a                TwoWire::onService()
 *fill*         0x00003632        0x2 
 .text.SERCOM3_Handler
                0x00003634       0x10 C:\Users\RS3B\AppData\Local\Temp\VMBuilds\seeedtea\Seeeduino_seeeduino_Seeeduino_SAMD_rolawan\Debug\Wire\Wire.cpp.o
                0x00003634                SERCOM3_Handler
 .text.startup._GLOBAL__sub_I__ZN7TwoWireC2EP6SERCOMhh
                0x00003644       0x18 C:\Users\RS3B\AppData\Local\Temp\VMBuilds\seeedtea\Seeeduino_seeeduino_Seeeduino_SAMD_rolawan\Debug\Wire\Wire.cpp.o
 .text._ZN5Print5writeEPKc
                0x0000365c       0x1c C:\Users\RS3B\AppData\Local\Temp\VMBuilds\seeedtea\Seeeduino_seeeduino_Seeeduino_SAMD_rolawan\Debug\LoRaWan\LoRaWan.cpp.o
                0x0000365c                Print::write(char const*)
 .text._ZN12LoRaWanClassC2Ev
                0x00003678       0x12 C:\Users\RS3B\AppData\Local\Temp\VMBuilds\seeedtea\Seeeduino_seeeduino_Seeeduino_SAMD_rolawan\Debug\LoRaWan\LoRaWan.cpp.o
                0x00003678                LoRaWanClass::LoRaWanClass()
                0x00003678                LoRaWanClass::LoRaWanClass()
 *fill*         0x0000368a        0x2 
 .text._ZN12LoRaWanClass13receivePacketEPcsPs
                0x0000368c       0xec C:\Users\RS3B\AppData\Local\Temp\VMBuilds\seeedtea\Seeeduino_seeeduino_Seeeduino_SAMD_rolawan\Debug\LoRaWan\LoRaWan.cpp.o
                0x0000368c                LoRaWanClass::receivePacket(char*, short, short*)
 .text.startup._GLOBAL__sub_I__ZN12LoRaWanClassC2Ev
                0x00003778       0x10 C:\Users\RS3B\AppData\Local\Temp\VMBuilds\seeedtea\Seeeduino_seeeduino_Seeeduino_SAMD_rolawan\Debug\LoRaWan\LoRaWan.cpp.o
 .text._ZN12LoRaWanClass4initEv
                0x00003788       0x14 C:\Users\RS3B\AppData\Local\Temp\VMBuilds\seeedtea\Seeeduino_seeeduino_Seeeduino_SAMD_rolawan\Debug\LoRaWan\LoRaWan.cpp.o
                0x00003788                LoRaWanClass::init()
 .text._ZN12LoRaWanClass10readBufferEPcsh
                0x0000379c       0x50 C:\Users\RS3B\AppData\Local\Temp\VMBuilds\seeedtea\Seeeduino_seeeduino_Seeeduino_SAMD_rolawan\Debug\LoRaWan\LoRaWan.cpp.o
                0x0000379c                LoRaWanClass::readBuffer(char*, short, unsigned char)
 .text._ZN12LoRaWanClass10getVersionEPcsh
                0x000037ec       0x40 C:\Users\RS3B\AppData\Local\Temp\VMBuilds\seeedtea\Seeeduino_seeeduino_Seeeduino_SAMD_rolawan\Debug\LoRaWan\LoRaWan.cpp.o
                0x000037ec                LoRaWanClass::getVersion(char*, short, unsigned char)
 .text._ZN12LoRaWanClass5getIdEPcsh
                0x0000382c       0x40 C:\Users\RS3B\AppData\Local\Temp\VMBuilds\seeedtea\Seeeduino_seeeduino_Seeeduino_SAMD_rolawan\Debug\LoRaWan\LoRaWan.cpp.o
                0x0000382c                LoRaWanClass::getId(char*, short, unsigned char)
 .text._ZN12LoRaWanClass14transferPacketEPhhh
                0x0000386c       0xa8 C:\Users\RS3B\AppData\Local\Temp\VMBuilds\seeedtea\Seeeduino_seeeduino_Seeeduino_SAMD_rolawan\Debug\LoRaWan\LoRaWan.cpp.o
                0x0000386c                LoRaWanClass::transferPacket(unsigned char*, unsigned char, unsigned char)
 .text._ZN12LoRaWanClass14loraDebugPrintEh
                0x00003914       0x40 C:\Users\RS3B\AppData\Local\Temp\VMBuilds\seeedtea\Seeeduino_seeeduino_Seeeduino_SAMD_rolawan\Debug\LoRaWan\LoRaWan.cpp.o
                0x00003914                LoRaWanClass::loraDebugPrint(unsigned char)
 .text._ZN12LoRaWanClass6setKeyEPcS0_S0_
                0x00003954       0xac C:\Users\RS3B\AppData\Local\Temp\VMBuilds\seeedtea\Seeeduino_seeeduino_Seeeduino_SAMD_rolawan\Debug\LoRaWan\LoRaWan.cpp.o
                0x00003954                LoRaWanClass::setKey(char*, char*, char*)
 .text._ZN12LoRaWanClass11setDataRateE12_data_rate_t16_physical_type_t
                0x00003a00       0xec C:\Users\RS3B\AppData\Local\Temp\VMBuilds\seeedtea\Seeeduino_seeeduino_Seeeduino_SAMD_rolawan\Debug\LoRaWan\LoRaWan.cpp.o
                0x00003a00                LoRaWanClass::setDataRate(_data_rate_t, _physical_type_t)
 .text._ZN12LoRaWanClass8setPowerEs
                0x00003aec       0x40 C:\Users\RS3B\AppData\Local\Temp\VMBuilds\seeedtea\Seeeduino_seeeduino_Seeeduino_SAMD_rolawan\Debug\LoRaWan\LoRaWan.cpp.o
                0x00003aec                LoRaWanClass::setPower(short)
 .text._ZN12LoRaWanClass10setChannelEhf
                0x00003b2c       0x68 C:\Users\RS3B\AppData\Local\Temp\VMBuilds\seeedtea\Seeeduino_seeeduino_Seeeduino_SAMD_rolawan\Debug\LoRaWan\LoRaWan.cpp.o
                0x00003b2c                LoRaWanClass::setChannel(unsigned char, float)
 .text._ZN12LoRaWanClass21setReceiceWindowFirstEhf
                0x00003b94       0x68 C:\Users\RS3B\AppData\Local\Temp\VMBuilds\seeedtea\Seeeduino_seeeduino_Seeeduino_SAMD_rolawan\Debug\LoRaWan\LoRaWan.cpp.o
                0x00003b94                LoRaWanClass::setReceiceWindowFirst(unsigned char, float)
 .text._ZN12LoRaWanClass22setReceiceWindowSecondEf12_data_rate_t
                0x00003bfc       0x64 C:\Users\RS3B\AppData\Local\Temp\VMBuilds\seeedtea\Seeeduino_seeeduino_Seeeduino_SAMD_rolawan\Debug\LoRaWan\LoRaWan.cpp.o
                0x00003bfc                LoRaWanClass::setReceiceWindowSecond(float, _data_rate_t)
 .text._ZN12LoRaWanClass12setDutyCycleEb
                0x00003c60       0x30 C:\Users\RS3B\AppData\Local\Temp\VMBuilds\seeedtea\Seeeduino_seeeduino_Seeeduino_SAMD_rolawan\Debug\LoRaWan\LoRaWan.cpp.o
                0x00003c60                LoRaWanClass::setDutyCycle(bool)
 .text._ZN12LoRaWanClass16setJoinDutyCycleEb
                0x00003c90       0x30 C:\Users\RS3B\AppData\Local\Temp\VMBuilds\seeedtea\Seeeduino_seeeduino_Seeeduino_SAMD_rolawan\Debug\LoRaWan\LoRaWan.cpp.o
                0x00003c90                LoRaWanClass::setJoinDutyCycle(bool)
 .text._ZN12LoRaWanClass13setDeciveModeE14_device_mode_t
                0x00003cc0       0x38 C:\Users\RS3B\AppData\Local\Temp\VMBuilds\seeedtea\Seeeduino_seeeduino_Seeeduino_SAMD_rolawan\Debug\LoRaWan\LoRaWan.cpp.o
                0x00003cc0                LoRaWanClass::setDeciveMode(_device_mode_t)
 .text._ZN14SoftwareSerial16handle_interruptEv
                0x00003cf8       0xec C:\Users\RS3B\AppData\Local\Temp\VMBuilds\seeedtea\Seeeduino_seeeduino_Seeeduino_SAMD_rolawan\Debug\SoftwareSerial\SoftwareSerial.cpp.o
                0x00003cf8                SoftwareSerial::handle_interrupt()
 .text._ZN14SoftwareSerial4readEv
                0x00003de4       0x3c C:\Users\RS3B\AppData\Local\Temp\VMBuilds\seeedtea\Seeeduino_seeeduino_Seeeduino_SAMD_rolawan\Debug\SoftwareSerial\SoftwareSerial.cpp.o
                0x00003de4                SoftwareSerial::read()
 .text._ZN14SoftwareSerial5writeEh
                0x00003e20       0xb0 C:\Users\RS3B\AppData\Local\Temp\VMBuilds\seeedtea\Seeeduino_seeeduino_Seeeduino_SAMD_rolawan\Debug\SoftwareSerial\SoftwareSerial.cpp.o
                0x00003e20                SoftwareSerial::write(unsigned char)
 .text._ZN14SoftwareSerial4peekEv
                0x00003ed0       0x34 C:\Users\RS3B\AppData\Local\Temp\VMBuilds\seeedtea\Seeeduino_seeeduino_Seeeduino_SAMD_rolawan\Debug\SoftwareSerial\SoftwareSerial.cpp.o
                0x00003ed0                SoftwareSerial::peek()
 .text._ZN14SoftwareSerial9availableEv
                0x00003f04       0x3c C:\Users\RS3B\AppData\Local\Temp\VMBuilds\seeedtea\Seeeduino_seeeduino_Seeeduino_SAMD_rolawan\Debug\SoftwareSerial\SoftwareSerial.cpp.o
                0x00003f04                SoftwareSerial::available()
 .text._ZN14SoftwareSerial5flushEv
                0x00003f40       0x40 C:\Users\RS3B\AppData\Local\Temp\VMBuilds\seeedtea\Seeeduino_seeeduino_Seeeduino_SAMD_rolawan\Debug\SoftwareSerial\SoftwareSerial.cpp.o
                0x00003f40                SoftwareSerial::flush()
 .text._ZN14SoftwareSerial13stopListeningEv
                0x00003f80       0x2c C:\Users\RS3B\AppData\Local\Temp\VMBuilds\seeedtea\Seeeduino_seeeduino_Seeeduino_SAMD_rolawan\Debug\SoftwareSerial\SoftwareSerial.cpp.o
                0x00003f80                SoftwareSerial::stopListening()
 .text._ZN14SoftwareSerial6listenEv
                0x00003fac       0x5c C:\Users\RS3B\AppData\Local\Temp\VMBuilds\seeedtea\Seeeduino_seeeduino_Seeeduino_SAMD_rolawan\Debug\SoftwareSerial\SoftwareSerial.cpp.o
                0x00003fac                SoftwareSerial::listen()
 .text._ZN14SoftwareSerial11rx_pin_readEv
                0x00004008       0x1c C:\Users\RS3B\AppData\Local\Temp\VMBuilds\seeedtea\Seeeduino_seeeduino_Seeeduino_SAMD_rolawan\Debug\SoftwareSerial\SoftwareSerial.cpp.o
                0x00004008                SoftwareSerial::rx_pin_read()
 .text._ZN14SoftwareSerialC2Ehhb
                0x00004024       0x3c C:\Users\RS3B\AppData\Local\Temp\VMBuilds\seeedtea\Seeeduino_seeeduino_Seeeduino_SAMD_rolawan\Debug\SoftwareSerial\SoftwareSerial.cpp.o
                0x00004024                SoftwareSerial::SoftwareSerial(unsigned char, unsigned char, bool)
                0x00004024                SoftwareSerial::SoftwareSerial(unsigned char, unsigned char, bool)
 .text._ZN14SoftwareSerialD2Ev
                0x00004060       0x18 C:\Users\RS3B\AppData\Local\Temp\VMBuilds\seeedtea\Seeeduino_seeeduino_Seeeduino_SAMD_rolawan\Debug\SoftwareSerial\SoftwareSerial.cpp.o
                0x00004060                SoftwareSerial::~SoftwareSerial()
                0x00004060                SoftwareSerial::~SoftwareSerial()
 .text._ZN14SoftwareSerial5setTXEh
                0x00004078       0x44 C:\Users\RS3B\AppData\Local\Temp\VMBuilds\seeedtea\Seeeduino_seeeduino_Seeeduino_SAMD_rolawan\Debug\SoftwareSerial\SoftwareSerial.cpp.o
                0x00004078                SoftwareSerial::setTX(unsigned char)
 .text._ZN14SoftwareSerial5setRXEh
                0x000040bc       0x48 C:\Users\RS3B\AppData\Local\Temp\VMBuilds\seeedtea\Seeeduino_seeeduino_Seeeduino_SAMD_rolawan\Debug\SoftwareSerial\SoftwareSerial.cpp.o
                0x000040bc                SoftwareSerial::setRX(unsigned char)
 .text._ZN14SoftwareSerial5beginEl
                0x00004104       0x5c C:\Users\RS3B\AppData\Local\Temp\VMBuilds\seeedtea\Seeeduino_seeeduino_Seeeduino_SAMD_rolawan\Debug\SoftwareSerial\SoftwareSerial.cpp.o
                0x00004104                SoftwareSerial::begin(long)
 .text._ZN16VisualMicroDebug16DBG_YieldAndWaitEmb
                0x00004160       0x1a C:\Users\RS3B\AppData\Local\Temp\VMBuilds\seeedtea\Seeeduino_seeeduino_Seeeduino_SAMD_rolawan\Debug\VM_DBG\VM_DBG.cpp.o
                0x00004160                VisualMicroDebug::DBG_YieldAndWait(unsigned long, bool)
 .text._ZN16VisualMicroDebug16DBG_YieldAndWaitEm
                0x0000417a        0xa C:\Users\RS3B\AppData\Local\Temp\VMBuilds\seeedtea\Seeeduino_seeeduino_Seeeduino_SAMD_rolawan\Debug\VM_DBG\VM_DBG.cpp.o
                0x0000417a                VisualMicroDebug::DBG_YieldAndWait(unsigned long)
 .text._ZN16VisualMicroDebug10DBG_MillisEv
                0x00004184        0x8 C:\Users\RS3B\AppData\Local\Temp\VMBuilds\seeedtea\Seeeduino_seeeduino_Seeeduino_SAMD_rolawan\Debug\VM_DBG\VM_DBG.cpp.o
                0x00004184                VisualMicroDebug::DBG_Millis()
 .text._ZN16VisualMicroDebug17OnBreakPointBeginEm
                0x0000418c       0x16 C:\Users\RS3B\AppData\Local\Temp\VMBuilds\seeedtea\Seeeduino_seeeduino_Seeeduino_SAMD_rolawan\Debug\VM_DBG\VM_DBG.cpp.o
                0x0000418c                VisualMicroDebug::OnBreakPointBegin(unsigned long)
 *fill*         0x000041a2        0x2 
 .text._ZN16VisualMicroDebug22OnBreakPointPrintBeginEh
                0x000041a4       0x6c C:\Users\RS3B\AppData\Local\Temp\VMBuilds\seeedtea\Seeeduino_seeeduino_Seeeduino_SAMD_rolawan\Debug\VM_DBG\VM_DBG.cpp.o
                0x000041a4                VisualMicroDebug::OnBreakPointPrintBegin(unsigned char)
 .text._ZN16VisualMicroDebug20OnBreakPointPrintEndEv
                0x00004210       0x10 C:\Users\RS3B\AppData\Local\Temp\VMBuilds\seeedtea\Seeeduino_seeeduino_Seeeduino_SAMD_rolawan\Debug\VM_DBG\VM_DBG.cpp.o
                0x00004210                VisualMicroDebug::OnBreakPointPrintEnd()
 .text._ZN16VisualMicroDebug15OnBreakPointEndEv
                0x00004220        0xc C:\Users\RS3B\AppData\Local\Temp\VMBuilds\seeedtea\Seeeduino_seeeduino_Seeeduino_SAMD_rolawan\Debug\VM_DBG\VM_DBG.cpp.o
                0x00004220                VisualMicroDebug::OnBreakPointEnd()
 .text._ZN16VisualMicroDebug14outPacketStartEb
                0x0000422c       0x2a C:\Users\RS3B\AppData\Local\Temp\VMBuilds\seeedtea\Seeeduino_seeeduino_Seeeduino_SAMD_rolawan\Debug\VM_DBG\VM_DBG.cpp.o
                0x0000422c                VisualMicroDebug::outPacketStart(bool)
 .text._ZN16VisualMicroDebug12outPacketEndEv
                0x00004256        0x2 C:\Users\RS3B\AppData\Local\Temp\VMBuilds\seeedtea\Seeeduino_seeeduino_Seeeduino_SAMD_rolawan\Debug\VM_DBG\VM_DBG.cpp.o
                0x00004256                VisualMicroDebug::outPacketEnd()
 .text._ZN16VisualMicroDebug5beginEP7Serial_m
                0x00004258       0x2e C:\Users\RS3B\AppData\Local\Temp\VMBuilds\seeedtea\Seeeduino_seeeduino_Seeeduino_SAMD_rolawan\Debug\VM_DBG\VM_DBG.cpp.o
                0x00004258                VisualMicroDebug::begin(Serial_*, unsigned long)
 .text._ZN16VisualMicroDebug4initEm
                0x00004286       0x12 C:\Users\RS3B\AppData\Local\Temp\VMBuilds\seeedtea\Seeeduino_seeeduino_Seeeduino_SAMD_rolawan\Debug\VM_DBG\VM_DBG.cpp.o
                0x00004286                VisualMicroDebug::init(unsigned long)
 .text._ZN16VisualMicroDebug4readEv
                0x00004298        0xe C:\Users\RS3B\AppData\Local\Temp\VMBuilds\seeedtea\Seeeduino_seeeduino_Seeeduino_SAMD_rolawan\Debug\VM_DBG\VM_DBG.cpp.o
                0x00004298                VisualMicroDebug::read()
 .text._ZN16VisualMicroDebug9availableEv
                0x000042a6        0xe C:\Users\RS3B\AppData\Local\Temp\VMBuilds\seeedtea\Seeeduino_seeeduino_Seeeduino_SAMD_rolawan\Debug\VM_DBG\VM_DBG.cpp.o
                0x000042a6                VisualMicroDebug::available()
 .text._ZN16VisualMicroDebug16sendContinuedACKEh
                0x000042b4       0x38 C:\Users\RS3B\AppData\Local\Temp\VMBuilds\seeedtea\Seeeduino_seeeduino_Seeeduino_SAMD_rolawan\Debug\VM_DBG\VM_DBG.cpp.o
                0x000042b4                VisualMicroDebug::sendContinuedACK(unsigned char)
 .text._ZN16VisualMicroDebug9breakWaitEh
                0x000042ec       0x56 C:\Users\RS3B\AppData\Local\Temp\VMBuilds\seeedtea\Seeeduino_seeeduino_Seeeduino_SAMD_rolawan\Debug\VM_DBG\VM_DBG.cpp.o
                0x000042ec                VisualMicroDebug::breakWait(unsigned char)
 .text._ZN16VisualMicroDebug5startEbb
                0x00004342       0x28 C:\Users\RS3B\AppData\Local\Temp\VMBuilds\seeedtea\Seeeduino_seeeduino_Seeeduino_SAMD_rolawan\Debug\VM_DBG\VM_DBG.cpp.o
                0x00004342                VisualMicroDebug::start(bool, bool)
 *fill*         0x0000436a        0x2 
 .text.startup._GLOBAL__sub_I__ZN16VisualMicroDebug16DBG_YieldAndWaitEm
                0x0000436c       0x14 C:\Users\RS3B\AppData\Local\Temp\VMBuilds\seeedtea\Seeeduino_seeeduino_Seeeduino_SAMD_rolawan\Debug\VM_DBG\VM_DBG.cpp.o
 .text.SERCOM0_Handler
                0x00004380       0x10 C:\Users\RS3B\AppData\Local\Temp\VMBCore\arduino16x\b178ba6d24a655359356452cc8a3b2e5\variant\variant.cpp.o
                0x00004380                SERCOM0_Handler
 .text.SERCOM5_Handler
                0x00004390       0x10 C:\Users\RS3B\AppData\Local\Temp\VMBCore\arduino16x\b178ba6d24a655359356452cc8a3b2e5\variant\variant.cpp.o
                0x00004390                SERCOM5_Handler
 .text.SERCOM1_Handler
                0x000043a0       0x10 C:\Users\RS3B\AppData\Local\Temp\VMBCore\arduino16x\b178ba6d24a655359356452cc8a3b2e5\variant\variant.cpp.o
                0x000043a0                SERCOM1_Handler
 .text.startup._GLOBAL__sub_I_g_APinDescription
                0x000043b0       0xa8 C:\Users\RS3B\AppData\Local\Temp\VMBCore\arduino16x\b178ba6d24a655359356452cc8a3b2e5\variant\variant.cpp.o
 .text.pow      0x00004458      0x370 c:/users/rs3b/appdata/local/arduino15/packages/seeeduino/tools/arm-none-eabi-gcc/4.8.3-2014q1/bin/../lib/gcc/arm-none-eabi/4.8.3/../../../../arm-none-eabi/lib/armv6-m\libm.a(lib_a-w_pow.o)
                0x00004458                pow
 .text.__ieee754_pow
                0x000047c8      0xb20 c:/users/rs3b/appdata/local/arduino15/packages/seeeduino/tools/arm-none-eabi-gcc/4.8.3-2014q1/bin/../lib/gcc/arm-none-eabi/4.8.3/../../../../arm-none-eabi/lib/armv6-m\libm.a(lib_a-e_pow.o)
                0x000047c8                __ieee754_pow
 .text.__ieee754_sqrt
                0x000052e8      0x1cc c:/users/rs3b/appdata/local/arduino15/packages/seeeduino/tools/arm-none-eabi-gcc/4.8.3-2014q1/bin/../lib/gcc/arm-none-eabi/4.8.3/../../../../arm-none-eabi/lib/armv6-m\libm.a(lib_a-e_sqrt.o)
                0x000052e8                __ieee754_sqrt
 .text.fabs     0x000054b4        0x8 c:/users/rs3b/appdata/local/arduino15/packages/seeeduino/tools/arm-none-eabi-gcc/4.8.3-2014q1/bin/../lib/gcc/arm-none-eabi/4.8.3/../../../../arm-none-eabi/lib/armv6-m\libm.a(lib_a-s_fabs.o)
                0x000054b4                fabs
 .text.finite   0x000054bc       0x10 c:/users/rs3b/appdata/local/arduino15/packages/seeeduino/tools/arm-none-eabi-gcc/4.8.3-2014q1/bin/../lib/gcc/arm-none-eabi/4.8.3/../../../../arm-none-eabi/lib/armv6-m\libm.a(lib_a-s_finite.o)
                0x000054bc                finite
 .text.__fpclassifyd
                0x000054cc       0x60 c:/users/rs3b/appdata/local/arduino15/packages/seeeduino/tools/arm-none-eabi-gcc/4.8.3-2014q1/bin/../lib/gcc/arm-none-eabi/4.8.3/../../../../arm-none-eabi/lib/armv6-m\libm.a(lib_a-s_fpclassify.o)
                0x000054cc                __fpclassifyd
 .text.matherr  0x0000552c        0x4 c:/users/rs3b/appdata/local/arduino15/packages/seeeduino/tools/arm-none-eabi-gcc/4.8.3-2014q1/bin/../lib/gcc/arm-none-eabi/4.8.3/../../../../arm-none-eabi/lib/armv6-m\libm.a(lib_a-s_matherr.o)
                0x0000552c                matherr
 .text.nan      0x00005530       0x10 c:/users/rs3b/appdata/local/arduino15/packages/seeeduino/tools/arm-none-eabi-gcc/4.8.3-2014q1/bin/../lib/gcc/arm-none-eabi/4.8.3/../../../../arm-none-eabi/lib/armv6-m\libm.a(lib_a-s_nan.o)
                0x00005530                nan
 .text.rint     0x00005540      0x154 c:/users/rs3b/appdata/local/arduino15/packages/seeeduino/tools/arm-none-eabi-gcc/4.8.3-2014q1/bin/../lib/gcc/arm-none-eabi/4.8.3/../../../../arm-none-eabi/lib/armv6-m\libm.a(lib_a-s_rint.o)
                0x00005540                rint
 *fill*         0x00005694        0x4 
 .text.scalbn   0x00005698      0x110 c:/users/rs3b/appdata/local/arduino15/packages/seeeduino/tools/arm-none-eabi-gcc/4.8.3-2014q1/bin/../lib/gcc/arm-none-eabi/4.8.3/../../../../arm-none-eabi/lib/armv6-m\libm.a(lib_a-s_scalbn.o)
                0x00005698                scalbn
 .text.copysign
                0x000057a8       0x10 c:/users/rs3b/appdata/local/arduino15/packages/seeeduino/tools/arm-none-eabi-gcc/4.8.3-2014q1/bin/../lib/gcc/arm-none-eabi/4.8.3/../../../../arm-none-eabi/lib/armv6-m\libm.a(lib_a-s_copysign.o)
                0x000057a8                copysign
 .text.Dummy_Handler
                0x000057b8        0x2 C:\Users\RS3B\AppData\Local\Temp\VMBuilds\seeedtea\Seeeduino_seeeduino_Seeeduino_SAMD_rolawan\Debug/core.a(cortex_handlers.c.o)
                0x000057b8                DMAC_Handler
                0x000057b8                HardFault_Handler
                0x000057b8                AC_Handler
                0x000057b8                PendSV_Handler
                0x000057b8                NMI_Handler
                0x000057b8                TC7_Handler
                0x000057b8                ADC_Handler
                0x000057b8                TCC1_Handler
                0x000057b8                SERCOM2_Handler
                0x000057b8                TCC0_Handler
                0x000057b8                RTC_Handler
                0x000057b8                TC6_Handler
                0x000057b8                WDT_Handler
                0x000057b8                TC4_Handler
                0x000057b8                TC3_Handler
                0x000057b8                Dummy_Handler
                0x000057b8                PM_Handler
                0x000057b8                SVC_Handler
                0x000057b8                TCC2_Handler
                0x000057b8                EVSYS_Handler
                0x000057b8                SERCOM4_Handler
                0x000057b8                I2S_Handler
                0x000057b8                NVMCTRL_Handler
                0x000057b8                DAC_Handler
                0x000057b8                PTC_Handler
                0x000057b8                SYSCTRL_Handler
 *fill*         0x000057ba        0x2 
 .text.USB_Handler
                0x000057bc       0x14 C:\Users\RS3B\AppData\Local\Temp\VMBuilds\seeedtea\Seeeduino_seeeduino_Seeeduino_SAMD_rolawan\Debug/core.a(cortex_handlers.c.o)
                0x000057bc                USB_Handler
 .text.Reset_Handler
                0x000057d0       0x58 C:\Users\RS3B\AppData\Local\Temp\VMBuilds\seeedtea\Seeeduino_seeeduino_Seeeduino_SAMD_rolawan\Debug/core.a(cortex_handlers.c.o)
                0x000057d0                Reset_Handler
 .text.SysTick_Handler
                0x00005828       0x10 C:\Users\RS3B\AppData\Local\Temp\VMBuilds\seeedtea\Seeeduino_seeeduino_Seeeduino_SAMD_rolawan\Debug/core.a(cortex_handlers.c.o)
                0x00005828                SysTick_Handler
 .text.USB_SetHandler
                0x00005838        0xc C:\Users\RS3B\AppData\Local\Temp\VMBuilds\seeedtea\Seeeduino_seeeduino_Seeeduino_SAMD_rolawan\Debug/core.a(cortex_handlers.c.o)
                0x00005838                USB_SetHandler
 .text.millis   0x00005844        0xc C:\Users\RS3B\AppData\Local\Temp\VMBuilds\seeedtea\Seeeduino_seeeduino_Seeeduino_SAMD_rolawan\Debug/core.a(delay.c.o)
                0x00005844                millis
 .text.delay    0x00005850       0x20 C:\Users\RS3B\AppData\Local\Temp\VMBuilds\seeedtea\Seeeduino_seeeduino_Seeeduino_SAMD_rolawan\Debug/core.a(delay.c.o)
                0x00005850                delay
 .text.SysTick_DefaultHandler
                0x00005870       0x14 C:\Users\RS3B\AppData\Local\Temp\VMBuilds\seeedtea\Seeeduino_seeeduino_Seeeduino_SAMD_rolawan\Debug/core.a(delay.c.o)
                0x00005870                SysTick_DefaultHandler
 .text.__empty  0x00005884        0x2 C:\Users\RS3B\AppData\Local\Temp\VMBuilds\seeedtea\Seeeduino_seeeduino_Seeeduino_SAMD_rolawan\Debug/core.a(hooks.c.o)
                0x00005884                yield
 .text.__false  0x00005886        0x4 C:\Users\RS3B\AppData\Local\Temp\VMBuilds\seeedtea\Seeeduino_seeeduino_Seeeduino_SAMD_rolawan\Debug/core.a(hooks.c.o)
                0x00005886                sysTickHook
 *fill*         0x0000588a        0x2 
 .text.pulseIn  0x0000588c       0x80 C:\Users\RS3B\AppData\Local\Temp\VMBuilds\seeedtea\Seeeduino_seeeduino_Seeeduino_SAMD_rolawan\Debug/core.a(pulse.c.o)
                0x0000588c                pulseIn
 .text.SystemInit
                0x0000590c      0x16c C:\Users\RS3B\AppData\Local\Temp\VMBuilds\seeedtea\Seeeduino_seeeduino_Seeeduino_SAMD_rolawan\Debug/core.a(startup.c.o)
                0x0000590c                SystemInit
 .text.attachInterrupt
                0x00005a78      0x108 C:\Users\RS3B\AppData\Local\Temp\VMBuilds\seeedtea\Seeeduino_seeeduino_Seeeduino_SAMD_rolawan\Debug/core.a(WInterrupts.c.o)
                0x00005a78                attachInterrupt
 .text.EIC_Handler
                0x00005b80       0x30 C:\Users\RS3B\AppData\Local\Temp\VMBuilds\seeedtea\Seeeduino_seeeduino_Seeeduino_SAMD_rolawan\Debug/core.a(WInterrupts.c.o)
                0x00005b80                EIC_Handler
 .text.init     0x00005bb0       0xe4 C:\Users\RS3B\AppData\Local\Temp\VMBuilds\seeedtea\Seeeduino_seeeduino_Seeeduino_SAMD_rolawan\Debug/core.a(wiring.c.o)
                0x00005bb0                init
 .text.mapResolution
                0x00005c94       0x12 C:\Users\RS3B\AppData\Local\Temp\VMBuilds\seeedtea\Seeeduino_seeeduino_Seeeduino_SAMD_rolawan\Debug/core.a(wiring_analog.c.o)
 *fill*         0x00005ca6        0x2 
 .text.analogReference
                0x00005ca8       0x5c C:\Users\RS3B\AppData\Local\Temp\VMBuilds\seeedtea\Seeeduino_seeeduino_Seeeduino_SAMD_rolawan\Debug/core.a(wiring_analog.c.o)
                0x00005ca8                analogReference
 .text.analogRead
                0x00005d04       0xd8 C:\Users\RS3B\AppData\Local\Temp\VMBuilds\seeedtea\Seeeduino_seeeduino_Seeeduino_SAMD_rolawan\Debug/core.a(wiring_analog.c.o)
                0x00005d04                analogRead
 .text.pinMode  0x00005ddc       0xb8 C:\Users\RS3B\AppData\Local\Temp\VMBuilds\seeedtea\Seeeduino_seeeduino_Seeeduino_SAMD_rolawan\Debug/core.a(wiring_digital.c.o)
                0x00005ddc                pinMode
 .text.digitalWrite
                0x00005e94       0x44 C:\Users\RS3B\AppData\Local\Temp\VMBuilds\seeedtea\Seeeduino_seeeduino_Seeeduino_SAMD_rolawan\Debug/core.a(wiring_digital.c.o)
                0x00005e94                digitalWrite
 .text.digitalRead
                0x00005ed8       0x30 C:\Users\RS3B\AppData\Local\Temp\VMBuilds\seeedtea\Seeeduino_seeeduino_Seeeduino_SAMD_rolawan\Debug/core.a(wiring_digital.c.o)
                0x00005ed8                digitalRead
 .text.pinPeripheral
                0x00005f08       0xc4 C:\Users\RS3B\AppData\Local\Temp\VMBuilds\seeedtea\Seeeduino_seeeduino_Seeeduino_SAMD_rolawan\Debug/core.a(wiring_private.c.o)
                0x00005f08                pinPeripheral
 .text.shiftOut
                0x00005fcc       0x40 C:\Users\RS3B\AppData\Local\Temp\VMBuilds\seeedtea\Seeeduino_seeeduino_Seeeduino_SAMD_rolawan\Debug/core.a(wiring_shift.c.o)
                0x00005fcc                shiftOut
 .text._Z11initVariantv
                0x0000600c        0x2 C:\Users\RS3B\AppData\Local\Temp\VMBuilds\seeedtea\Seeeduino_seeeduino_Seeeduino_SAMD_rolawan\Debug/core.a(main.cpp.o)
                0x0000600c                initVariant()
 *fill*         0x0000600e        0x2 
 .text.startup.main
                0x00006010       0x4c C:\Users\RS3B\AppData\Local\Temp\VMBuilds\seeedtea\Seeeduino_seeeduino_Seeeduino_SAMD_rolawan\Debug/core.a(main.cpp.o)
                0x00006010                main
 .text._ZN5Print5writeEPKhj
                0x0000605c       0x28 C:\Users\RS3B\AppData\Local\Temp\VMBuilds\seeedtea\Seeeduino_seeeduino_Seeeduino_SAMD_rolawan\Debug/core.a(Print.cpp.o)
                0x0000605c                Print::write(unsigned char const*, unsigned int)
 .text._ZN5Print5printEPKc
                0x00006084        0x8 C:\Users\RS3B\AppData\Local\Temp\VMBuilds\seeedtea\Seeeduino_seeeduino_Seeeduino_SAMD_rolawan\Debug/core.a(Print.cpp.o)
                0x00006084                Print::print(char const*)
 .text._ZN5Print5printEc
                0x0000608c        0xa C:\Users\RS3B\AppData\Local\Temp\VMBuilds\seeedtea\Seeeduino_seeeduino_Seeeduino_SAMD_rolawan\Debug/core.a(Print.cpp.o)
                0x0000608c                Print::print(char)
 *fill*         0x00006096        0x2 
 .text._ZN5Print7printlnEv
                0x00006098       0x10 C:\Users\RS3B\AppData\Local\Temp\VMBuilds\seeedtea\Seeeduino_seeeduino_Seeeduino_SAMD_rolawan\Debug/core.a(Print.cpp.o)
                0x00006098                Print::println()
 .text._ZN5Print7printlnEPKc
                0x000060a8       0x14 C:\Users\RS3B\AppData\Local\Temp\VMBuilds\seeedtea\Seeeduino_seeeduino_Seeeduino_SAMD_rolawan\Debug/core.a(Print.cpp.o)
                0x000060a8                Print::println(char const*)
 .text._ZN5Print11printNumberEmh
                0x000060bc       0x4e C:\Users\RS3B\AppData\Local\Temp\VMBuilds\seeedtea\Seeeduino_seeeduino_Seeeduino_SAMD_rolawan\Debug/core.a(Print.cpp.o)
                0x000060bc                Print::printNumber(unsigned long, unsigned char)
 .text._ZN5Print5printEli
                0x0000610a       0x3c C:\Users\RS3B\AppData\Local\Temp\VMBuilds\seeedtea\Seeeduino_seeeduino_Seeeduino_SAMD_rolawan\Debug/core.a(Print.cpp.o)
                0x0000610a                Print::print(long, int)
 .text._ZN5Print7printlnEii
                0x00006146       0x14 C:\Users\RS3B\AppData\Local\Temp\VMBuilds\seeedtea\Seeeduino_seeeduino_Seeeduino_SAMD_rolawan\Debug/core.a(Print.cpp.o)
                0x00006146                Print::println(int, int)
 .text._ZN5Print5printEmi
                0x0000615a       0x18 C:\Users\RS3B\AppData\Local\Temp\VMBuilds\seeedtea\Seeeduino_seeeduino_Seeeduino_SAMD_rolawan\Debug/core.a(Print.cpp.o)
                0x0000615a                Print::print(unsigned long, int)
 .text._ZN5Print5printEhi
                0x00006172        0x8 C:\Users\RS3B\AppData\Local\Temp\VMBuilds\seeedtea\Seeeduino_seeeduino_Seeeduino_SAMD_rolawan\Debug/core.a(Print.cpp.o)
                0x00006172                Print::print(unsigned char, int)
 .text._ZN5Print7printlnEhi
                0x0000617a       0x14 C:\Users\RS3B\AppData\Local\Temp\VMBuilds\seeedtea\Seeeduino_seeeduino_Seeeduino_SAMD_rolawan\Debug/core.a(Print.cpp.o)
                0x0000617a                Print::println(unsigned char, int)
 *fill*         0x0000618e        0x2 
 .text._ZN5Print10printFloatEdh
                0x00006190      0x170 C:\Users\RS3B\AppData\Local\Temp\VMBuilds\seeedtea\Seeeduino_seeeduino_Seeeduino_SAMD_rolawan\Debug/core.a(Print.cpp.o)
                0x00006190                Print::printFloat(double, unsigned char)
 .text._ZN5Print7printlnEdi
                0x00006300       0x1c C:\Users\RS3B\AppData\Local\Temp\VMBuilds\seeedtea\Seeeduino_seeeduino_Seeeduino_SAMD_rolawan\Debug/core.a(Print.cpp.o)
                0x00006300                Print::println(double, int)
 .text.initiateReset
                0x0000631c        0xc C:\Users\RS3B\AppData\Local\Temp\VMBuilds\seeedtea\Seeeduino_seeeduino_Seeeduino_SAMD_rolawan\Debug/core.a(Reset.cpp.o)
                0x0000631c                initiateReset
 .text.cancelReset
                0x00006328       0x10 C:\Users\RS3B\AppData\Local\Temp\VMBuilds\seeedtea\Seeeduino_seeeduino_Seeeduino_SAMD_rolawan\Debug/core.a(Reset.cpp.o)
                0x00006328                cancelReset
 .text.tickReset
                0x00006338       0x5c C:\Users\RS3B\AppData\Local\Temp\VMBuilds\seeedtea\Seeeduino_seeeduino_Seeeduino_SAMD_rolawan\Debug/core.a(Reset.cpp.o)
                0x00006338                tickReset
 .text._ZN10RingBufferC2Ev
                0x00006394       0x16 C:\Users\RS3B\AppData\Local\Temp\VMBuilds\seeedtea\Seeeduino_seeeduino_Seeeduino_SAMD_rolawan\Debug/core.a(RingBuffer.cpp.o)
                0x00006394                RingBuffer::RingBuffer()
                0x00006394                RingBuffer::RingBuffer()
 .text._ZN10RingBuffer10store_charEh
                0x000063aa       0x16 C:\Users\RS3B\AppData\Local\Temp\VMBuilds\seeedtea\Seeeduino_seeeduino_Seeeduino_SAMD_rolawan\Debug/core.a(RingBuffer.cpp.o)
                0x000063aa                RingBuffer::store_char(unsigned char)
 .text._ZN10RingBuffer5clearEv
                0x000063c0        0x8 C:\Users\RS3B\AppData\Local\Temp\VMBuilds\seeedtea\Seeeduino_seeeduino_Seeeduino_SAMD_rolawan\Debug/core.a(RingBuffer.cpp.o)
                0x000063c0                RingBuffer::clear()
 .text._ZN10RingBuffer9read_charEv
                0x000063c8       0x1c C:\Users\RS3B\AppData\Local\Temp\VMBuilds\seeedtea\Seeeduino_seeeduino_Seeeduino_SAMD_rolawan\Debug/core.a(RingBuffer.cpp.o)
                0x000063c8                RingBuffer::read_char()
 .text._ZN10RingBuffer9availableEv
                0x000063e4        0xc C:\Users\RS3B\AppData\Local\Temp\VMBuilds\seeedtea\Seeeduino_seeeduino_Seeeduino_SAMD_rolawan\Debug/core.a(RingBuffer.cpp.o)
                0x000063e4                RingBuffer::available()
 .text._ZN10RingBuffer4peekEv
                0x000063f0       0x12 C:\Users\RS3B\AppData\Local\Temp\VMBuilds\seeedtea\Seeeduino_seeeduino_Seeeduino_SAMD_rolawan\Debug/core.a(RingBuffer.cpp.o)
                0x000063f0                RingBuffer::peek()
 .text._ZN10RingBuffer6isFullEv
                0x00006402       0x14 C:\Users\RS3B\AppData\Local\Temp\VMBuilds\seeedtea\Seeeduino_seeeduino_Seeeduino_SAMD_rolawan\Debug/core.a(RingBuffer.cpp.o)
                0x00006402                RingBuffer::isFull()
 .text._ZN6SERCOMC2EP6Sercom
                0x00006416        0x4 C:\Users\RS3B\AppData\Local\Temp\VMBuilds\seeedtea\Seeeduino_seeeduino_Seeeduino_SAMD_rolawan\Debug/core.a(SERCOM.cpp.o)
                0x00006416                SERCOM::SERCOM(Sercom*)
                0x00006416                SERCOM::SERCOM(Sercom*)
 .text._ZN6SERCOM9initFrameE18SercomUartCharSize15SercomDataOrder16SercomParityMode19SercomNumberStopBit
                0x0000641a       0x38 C:\Users\RS3B\AppData\Local\Temp\VMBuilds\seeedtea\Seeeduino_seeeduino_Seeeduino_SAMD_rolawan\Debug/core.a(SERCOM.cpp.o)
                0x0000641a                SERCOM::initFrame(SercomUartCharSize, SercomDataOrder, SercomParityMode, SercomNumberStopBit)
 .text._ZN6SERCOM8initPadsE15SercomUartTXPad11SercomRXPad
                0x00006452       0x26 C:\Users\RS3B\AppData\Local\Temp\VMBuilds\seeedtea\Seeeduino_seeeduino_Seeeduino_SAMD_rolawan\Debug/core.a(SERCOM.cpp.o)
                0x00006452                SERCOM::initPads(SercomUartTXPad, SercomRXPad)
 .text._ZN6SERCOM9resetUARTEv
                0x00006478       0x1c C:\Users\RS3B\AppData\Local\Temp\VMBuilds\seeedtea\Seeeduino_seeeduino_Seeeduino_SAMD_rolawan\Debug/core.a(SERCOM.cpp.o)
                0x00006478                SERCOM::resetUART()
 .text._ZN6SERCOM10enableUARTEv
                0x00006494       0x14 C:\Users\RS3B\AppData\Local\Temp\VMBuilds\seeedtea\Seeeduino_seeeduino_Seeeduino_SAMD_rolawan\Debug/core.a(SERCOM.cpp.o)
                0x00006494                SERCOM::enableUART()
 .text._ZN6SERCOM9flushUARTEv
                0x000064a8        0xa C:\Users\RS3B\AppData\Local\Temp\VMBuilds\seeedtea\Seeeduino_seeeduino_Seeeduino_SAMD_rolawan\Debug/core.a(SERCOM.cpp.o)
                0x000064a8                SERCOM::flushUART()
 .text._ZN6SERCOM15clearStatusUARTEv
                0x000064b2        0x8 C:\Users\RS3B\AppData\Local\Temp\VMBuilds\seeedtea\Seeeduino_seeeduino_Seeeduino_SAMD_rolawan\Debug/core.a(SERCOM.cpp.o)
                0x000064b2                SERCOM::clearStatusUART()
 .text._ZN6SERCOM17availableDataUARTEv
                0x000064ba        0xa C:\Users\RS3B\AppData\Local\Temp\VMBuilds\seeedtea\Seeeduino_seeeduino_Seeeduino_SAMD_rolawan\Debug/core.a(SERCOM.cpp.o)
                0x000064ba                SERCOM::availableDataUART()
 .text._ZN6SERCOM11isUARTErrorEv
                0x000064c4        0x8 C:\Users\RS3B\AppData\Local\Temp\VMBuilds\seeedtea\Seeeduino_seeeduino_Seeeduino_SAMD_rolawan\Debug/core.a(SERCOM.cpp.o)
                0x000064c4                SERCOM::isUARTError()
 .text._ZN6SERCOM20acknowledgeUARTErrorEv
                0x000064cc        0xe C:\Users\RS3B\AppData\Local\Temp\VMBuilds\seeedtea\Seeeduino_seeeduino_Seeeduino_SAMD_rolawan\Debug/core.a(SERCOM.cpp.o)
                0x000064cc                SERCOM::acknowledgeUARTError()
 .text._ZN6SERCOM12readDataUARTEv
                0x000064da        0x8 C:\Users\RS3B\AppData\Local\Temp\VMBuilds\seeedtea\Seeeduino_seeeduino_Seeeduino_SAMD_rolawan\Debug/core.a(SERCOM.cpp.o)
                0x000064da                SERCOM::readDataUART()
 .text._ZN6SERCOM13writeDataUARTEh
                0x000064e2        0xe C:\Users\RS3B\AppData\Local\Temp\VMBuilds\seeedtea\Seeeduino_seeeduino_Seeeduino_SAMD_rolawan\Debug/core.a(SERCOM.cpp.o)
                0x000064e2                SERCOM::writeDataUART(unsigned char)
 .text._ZN6SERCOM9resetWIREEv
                0x000064f0       0x1c C:\Users\RS3B\AppData\Local\Temp\VMBuilds\seeedtea\Seeeduino_seeeduino_Seeeduino_SAMD_rolawan\Debug/core.a(SERCOM.cpp.o)
                0x000064f0                SERCOM::resetWIRE()
 .text._ZN6SERCOM10enableWIREEv
                0x0000650c       0x28 C:\Users\RS3B\AppData\Local\Temp\VMBuilds\seeedtea\Seeeduino_seeeduino_Seeeduino_SAMD_rolawan\Debug/core.a(SERCOM.cpp.o)
                0x0000650c                SERCOM::enableWIRE()
 .text._ZN6SERCOM18prepareNackBitWIREEv
                0x00006534       0x10 C:\Users\RS3B\AppData\Local\Temp\VMBuilds\seeedtea\Seeeduino_seeeduino_Seeeduino_SAMD_rolawan\Debug/core.a(SERCOM.cpp.o)
                0x00006534                SERCOM::prepareNackBitWIRE()
 .text._ZN6SERCOM17prepareAckBitWIREEv
                0x00006544       0x14 C:\Users\RS3B\AppData\Local\Temp\VMBuilds\seeedtea\Seeeduino_seeeduino_Seeeduino_SAMD_rolawan\Debug/core.a(SERCOM.cpp.o)
                0x00006544                SERCOM::prepareAckBitWIRE()
 .text._ZN6SERCOM22prepareCommandBitsWireEh
                0x00006558       0x2c C:\Users\RS3B\AppData\Local\Temp\VMBuilds\seeedtea\Seeeduino_seeeduino_Seeeduino_SAMD_rolawan\Debug/core.a(SERCOM.cpp.o)
                0x00006558                SERCOM::prepareCommandBitsWire(unsigned char)
 .text._ZN6SERCOM21startTransmissionWIREEh23SercomWireReadWriteFlag
                0x00006584       0x5e C:\Users\RS3B\AppData\Local\Temp\VMBuilds\seeedtea\Seeeduino_seeeduino_Seeeduino_SAMD_rolawan\Debug/core.a(SERCOM.cpp.o)
                0x00006584                SERCOM::startTransmissionWIRE(unsigned char, SercomWireReadWriteFlag)
 .text._ZN6SERCOM18sendDataMasterWIREEh
                0x000065e2       0x22 C:\Users\RS3B\AppData\Local\Temp\VMBuilds\seeedtea\Seeeduino_seeeduino_Seeeduino_SAMD_rolawan\Debug/core.a(SERCOM.cpp.o)
                0x000065e2                SERCOM::sendDataMasterWIRE(unsigned char)
 .text._ZN6SERCOM17sendDataSlaveWIREEh
                0x00006604       0x18 C:\Users\RS3B\AppData\Local\Temp\VMBuilds\seeedtea\Seeeduino_seeeduino_Seeeduino_SAMD_rolawan\Debug/core.a(SERCOM.cpp.o)
                0x00006604                SERCOM::sendDataSlaveWIRE(unsigned char)
 .text._ZN6SERCOM12isMasterWIREEv
                0x0000661c       0x12 C:\Users\RS3B\AppData\Local\Temp\VMBuilds\seeedtea\Seeeduino_seeeduino_Seeeduino_SAMD_rolawan\Debug/core.a(SERCOM.cpp.o)
                0x0000661c                SERCOM::isMasterWIRE()
 .text._ZN6SERCOM11isSlaveWIREEv
                0x0000662e       0x12 C:\Users\RS3B\AppData\Local\Temp\VMBuilds\seeedtea\Seeeduino_seeeduino_Seeeduino_SAMD_rolawan\Debug/core.a(SERCOM.cpp.o)
                0x0000662e                SERCOM::isSlaveWIRE()
 .text._ZN6SERCOM15isDataReadyWIREEv
                0x00006640        0xa C:\Users\RS3B\AppData\Local\Temp\VMBuilds\seeedtea\Seeeduino_seeeduino_Seeeduino_SAMD_rolawan\Debug/core.a(SERCOM.cpp.o)
                0x00006640                SERCOM::isDataReadyWIRE()
 .text._ZN6SERCOM18isStopDetectedWIREEv
                0x0000664a        0xa C:\Users\RS3B\AppData\Local\Temp\VMBuilds\seeedtea\Seeeduino_seeeduino_Seeeduino_SAMD_rolawan\Debug/core.a(SERCOM.cpp.o)
                0x0000664a                SERCOM::isStopDetectedWIRE()
 .text._ZN6SERCOM21isRestartDetectedWIREEv
                0x00006654        0xa C:\Users\RS3B\AppData\Local\Temp\VMBuilds\seeedtea\Seeeduino_seeeduino_Seeeduino_SAMD_rolawan\Debug/core.a(SERCOM.cpp.o)
                0x00006654                SERCOM::isRestartDetectedWIRE()
 .text._ZN6SERCOM14isAddressMatchEv
                0x0000665e        0xa C:\Users\RS3B\AppData\Local\Temp\VMBuilds\seeedtea\Seeeduino_seeeduino_Seeeduino_SAMD_rolawan\Debug/core.a(SERCOM.cpp.o)
                0x0000665e                SERCOM::isAddressMatch()
 .text._ZN6SERCOM25isMasterReadOperationWIREEv
                0x00006668        0xa C:\Users\RS3B\AppData\Local\Temp\VMBuilds\seeedtea\Seeeduino_seeeduino_Seeeduino_SAMD_rolawan\Debug/core.a(SERCOM.cpp.o)
                0x00006668                SERCOM::isMasterReadOperationWIRE()
 .text._ZN6SERCOM12readDataWIREEv
                0x00006672       0x1a C:\Users\RS3B\AppData\Local\Temp\VMBuilds\seeedtea\Seeeduino_seeeduino_Seeeduino_SAMD_rolawan\Debug/core.a(SERCOM.cpp.o)
                0x00006672                SERCOM::readDataWIRE()
 .text._ZN6SERCOM13initClockNVICEv
                0x0000668c       0xac C:\Users\RS3B\AppData\Local\Temp\VMBuilds\seeedtea\Seeeduino_seeeduino_Seeeduino_SAMD_rolawan\Debug/core.a(SERCOM.cpp.o)
                0x0000668c                SERCOM::initClockNVIC()
 .text._ZN6SERCOM8initUARTE14SercomUartMode20SercomUartSampleRatem
                0x00006738       0x6c C:\Users\RS3B\AppData\Local\Temp\VMBuilds\seeedtea\Seeeduino_seeeduino_Seeeduino_SAMD_rolawan\Debug/core.a(SERCOM.cpp.o)
                0x00006738                SERCOM::initUART(SercomUartMode, SercomUartSampleRate, unsigned long)
 .text._ZN6SERCOM14initMasterWIREEm
                0x000067a4       0x38 C:\Users\RS3B\AppData\Local\Temp\VMBuilds\seeedtea\Seeeduino_seeeduino_Seeeduino_SAMD_rolawan\Debug/core.a(SERCOM.cpp.o)
                0x000067a4                SERCOM::initMasterWIRE(unsigned long)
 .text._ZN4UartcvbEv
                0x000067dc        0x4 C:\Users\RS3B\AppData\Local\Temp\VMBuilds\seeedtea\Seeeduino_seeeduino_Seeeduino_SAMD_rolawan\Debug/core.a(Uart.cpp.o)
                0x000067dc                Uart::operator bool()
 .text._ZN4Uart5beginEm
                0x000067e0        0xc C:\Users\RS3B\AppData\Local\Temp\VMBuilds\seeedtea\Seeeduino_seeeduino_Seeeduino_SAMD_rolawan\Debug/core.a(Uart.cpp.o)
                0x000067e0                Uart::begin(unsigned long)
 .text._ZN4Uart3endEv
                0x000067ec       0x14 C:\Users\RS3B\AppData\Local\Temp\VMBuilds\seeedtea\Seeeduino_seeeduino_Seeeduino_SAMD_rolawan\Debug/core.a(Uart.cpp.o)
                0x000067ec                Uart::end()
 .text._ZN4Uart5flushEv
                0x00006800        0xa C:\Users\RS3B\AppData\Local\Temp\VMBuilds\seeedtea\Seeeduino_seeeduino_Seeeduino_SAMD_rolawan\Debug/core.a(Uart.cpp.o)
                0x00006800                Uart::flush()
 .text._ZN4Uart9availableEv
                0x0000680a        0xa C:\Users\RS3B\AppData\Local\Temp\VMBuilds\seeedtea\Seeeduino_seeeduino_Seeeduino_SAMD_rolawan\Debug/core.a(Uart.cpp.o)
                0x0000680a                Uart::available()
 .text._ZN4Uart4peekEv
                0x00006814        0xa C:\Users\RS3B\AppData\Local\Temp\VMBuilds\seeedtea\Seeeduino_seeeduino_Seeeduino_SAMD_rolawan\Debug/core.a(Uart.cpp.o)
                0x00006814                Uart::peek()
 .text._ZN4Uart4readEv
                0x0000681e        0xa C:\Users\RS3B\AppData\Local\Temp\VMBuilds\seeedtea\Seeeduino_seeeduino_Seeeduino_SAMD_rolawan\Debug/core.a(Uart.cpp.o)
                0x0000681e                Uart::read()
 .text._ZN4Uart5writeEh
                0x00006828        0xc C:\Users\RS3B\AppData\Local\Temp\VMBuilds\seeedtea\Seeeduino_seeeduino_Seeeduino_SAMD_rolawan\Debug/core.a(Uart.cpp.o)
                0x00006828                Uart::write(unsigned char)
 .text._ZN4UartC2EP6SERCOMhh11SercomRXPad15SercomUartTXPad
                0x00006834       0x48 C:\Users\RS3B\AppData\Local\Temp\VMBuilds\seeedtea\Seeeduino_seeeduino_Seeeduino_SAMD_rolawan\Debug/core.a(Uart.cpp.o)
                0x00006834                Uart::Uart(SERCOM*, unsigned char, unsigned char, SercomRXPad, SercomUartTXPad)
                0x00006834                Uart::Uart(SERCOM*, unsigned char, unsigned char, SercomRXPad, SercomUartTXPad)
 .text._ZN4Uart10IrqHandlerEv
                0x0000687c       0x36 C:\Users\RS3B\AppData\Local\Temp\VMBuilds\seeedtea\Seeeduino_seeeduino_Seeeduino_SAMD_rolawan\Debug/core.a(Uart.cpp.o)
                0x0000687c                Uart::IrqHandler()
 .text._ZN4Uart16extractNbStopBitEt
                0x000068b2        0xe C:\Users\RS3B\AppData\Local\Temp\VMBuilds\seeedtea\Seeeduino_seeeduino_Seeeduino_SAMD_rolawan\Debug/core.a(Uart.cpp.o)
                0x000068b2                Uart::extractNbStopBit(unsigned short)
 .text._ZN4Uart15extractCharSizeEt
                0x000068c0       0x2c C:\Users\RS3B\AppData\Local\Temp\VMBuilds\seeedtea\Seeeduino_seeeduino_Seeeduino_SAMD_rolawan\Debug/core.a(Uart.cpp.o)
                0x000068c0                Uart::extractCharSize(unsigned short)
 .text._ZN4Uart13extractParityEt
                0x000068ec       0x18 C:\Users\RS3B\AppData\Local\Temp\VMBuilds\seeedtea\Seeeduino_seeeduino_Seeeduino_SAMD_rolawan\Debug/core.a(Uart.cpp.o)
                0x000068ec                Uart::extractParity(unsigned short)
 .text._ZN4Uart5beginEmt
                0x00006904       0x88 C:\Users\RS3B\AppData\Local\Temp\VMBuilds\seeedtea\Seeeduino_seeeduino_Seeeduino_SAMD_rolawan\Debug/core.a(Uart.cpp.o)
                0x00006904                Uart::begin(unsigned long, unsigned short)
 .text._ZN7Serial_4peekEv
                0x0000698c       0x2c C:\Users\RS3B\AppData\Local\Temp\VMBuilds\seeedtea\Seeeduino_seeeduino_Seeeduino_SAMD_rolawan\Debug/core.a(CDC.cpp.o)
                0x0000698c                Serial_::peek()
 .text._ZN7Serial_5writeEh
                0x000069b8       0x14 C:\Users\RS3B\AppData\Local\Temp\VMBuilds\seeedtea\Seeeduino_seeeduino_Seeeduino_SAMD_rolawan\Debug/core.a(CDC.cpp.o)
                0x000069b8                Serial_::write(unsigned char)
 .text._ZN7Serial_6acceptEv
                0x000069cc       0x68 C:\Users\RS3B\AppData\Local\Temp\VMBuilds\seeedtea\Seeeduino_seeeduino_Seeeduino_SAMD_rolawan\Debug/core.a(CDC.cpp.o)
                0x000069cc                Serial_::accept()
 .text._ZN7Serial_4readEv
                0x00006a34       0x68 C:\Users\RS3B\AppData\Local\Temp\VMBuilds\seeedtea\Seeeduino_seeeduino_Seeeduino_SAMD_rolawan\Debug/core.a(CDC.cpp.o)
                0x00006a34                Serial_::read()
 .text._ZN7Serial_5flushEv
                0x00006a9c        0xc C:\Users\RS3B\AppData\Local\Temp\VMBuilds\seeedtea\Seeeduino_seeeduino_Seeeduino_SAMD_rolawan\Debug/core.a(CDC.cpp.o)
                0x00006a9c                Serial_::flush()
 .text._ZN7Serial_9availableEv
                0x00006aa8       0x3c C:\Users\RS3B\AppData\Local\Temp\VMBuilds\seeedtea\Seeeduino_seeeduino_Seeeduino_SAMD_rolawan\Debug/core.a(CDC.cpp.o)
                0x00006aa8                Serial_::available()
 .text._ZN7Serial_5writeEPKhj
                0x00006ae4       0x2c C:\Users\RS3B\AppData\Local\Temp\VMBuilds\seeedtea\Seeeduino_seeeduino_Seeeduino_SAMD_rolawan\Debug/core.a(CDC.cpp.o)
                0x00006ae4                Serial_::write(unsigned char const*, unsigned int)
 .text._Z16CDC_GetInterfacePh
                0x00006b10       0x1c C:\Users\RS3B\AppData\Local\Temp\VMBuilds\seeedtea\Seeeduino_seeeduino_Seeeduino_SAMD_rolawan\Debug/core.a(CDC.cpp.o)
                0x00006b10                CDC_GetInterface(unsigned char*)
 .text._Z9CDC_SetupR8USBSetup
                0x00006b2c       0x80 C:\Users\RS3B\AppData\Local\Temp\VMBuilds\seeedtea\Seeeduino_seeeduino_Seeeduino_SAMD_rolawan\Debug/core.a(CDC.cpp.o)
                0x00006b2c                CDC_Setup(USBSetup&)
 .text._ZN7Serial_5beginEm
                0x00006bac        0x2 C:\Users\RS3B\AppData\Local\Temp\VMBuilds\seeedtea\Seeeduino_seeeduino_Seeeduino_SAMD_rolawan\Debug/core.a(CDC.cpp.o)
                0x00006bac                Serial_::begin(unsigned long)
 *fill*         0x00006bae        0x2 
 .text._ZN7Serial_cvbEv
                0x00006bb0       0x28 C:\Users\RS3B\AppData\Local\Temp\VMBuilds\seeedtea\Seeeduino_seeeduino_Seeeduino_SAMD_rolawan\Debug/core.a(CDC.cpp.o)
                0x00006bb0                Serial_::operator bool()
 .text.startup._GLOBAL__sub_I_cdc_rx_buffer
                0x00006bd8       0x24 C:\Users\RS3B\AppData\Local\Temp\VMBuilds\seeedtea\Seeeduino_seeeduino_Seeeduino_SAMD_rolawan\Debug/core.a(CDC.cpp.o)
 .text._ZN14USBDeviceClass6initEPEmm.part.1
                0x00006bfc       0x80 C:\Users\RS3B\AppData\Local\Temp\VMBuilds\seeedtea\Seeeduino_seeeduino_Seeeduino_SAMD_rolawan\Debug/core.a(USBCore.cpp.o)
 .text._ZN20USBDevice_SAMD21G18x5resetEv
                0x00006c7c       0x28 C:\Users\RS3B\AppData\Local\Temp\VMBuilds\seeedtea\Seeeduino_seeeduino_Seeeduino_SAMD_rolawan\Debug/core.a(USBCore.cpp.o)
                0x00006c7c                USBDevice_SAMD21G18x::reset()
 .text._ZN20USBDevice_SAMD21G18x9calibrateEv
                0x00006ca4       0x5c C:\Users\RS3B\AppData\Local\Temp\VMBuilds\seeedtea\Seeeduino_seeeduino_Seeeduino_SAMD_rolawan\Debug/core.a(USBCore.cpp.o)
                0x00006ca4                USBDevice_SAMD21G18x::calibrate()
 .text._ZN14USBDeviceClass14SendInterfacesEPm
                0x00006d00       0x2c C:\Users\RS3B\AppData\Local\Temp\VMBuilds\seeedtea\Seeeduino_seeeduino_Seeeduino_SAMD_rolawan\Debug/core.a(USBCore.cpp.o)
                0x00006d00                USBDeviceClass::SendInterfaces(unsigned long*)
 .text._ZN14USBDeviceClass4initEv
                0x00006d2c       0xf0 C:\Users\RS3B\AppData\Local\Temp\VMBuilds\seeedtea\Seeeduino_seeeduino_Seeeduino_SAMD_rolawan\Debug/core.a(USBCore.cpp.o)
                0x00006d2c                USBDeviceClass::init()
 .text._ZN14USBDeviceClass6attachEv
                0x00006e1c       0x34 C:\Users\RS3B\AppData\Local\Temp\VMBuilds\seeedtea\Seeeduino_seeeduino_Seeeduino_SAMD_rolawan\Debug/core.a(USBCore.cpp.o)
                0x00006e1c                USBDeviceClass::attach()
 .text._ZN14USBDeviceClass10setAddressEm
                0x00006e50       0x48 C:\Users\RS3B\AppData\Local\Temp\VMBuilds\seeedtea\Seeeduino_seeeduino_Seeeduino_SAMD_rolawan\Debug/core.a(USBCore.cpp.o)
                0x00006e50                USBDeviceClass::setAddress(unsigned long)
 .text._ZN14USBDeviceClass25handleClassInterfaceSetupER8USBSetup
                0x00006e98       0x40 C:\Users\RS3B\AppData\Local\Temp\VMBuilds\seeedtea\Seeeduino_seeeduino_Seeeduino_SAMD_rolawan\Debug/core.a(USBCore.cpp.o)
                0x00006e98                USBDeviceClass::handleClassInterfaceSetup(USBSetup&)
 .text._ZN14USBDeviceClass6initEPEmm
                0x00006ed8       0xe4 C:\Users\RS3B\AppData\Local\Temp\VMBuilds\seeedtea\Seeeduino_seeeduino_Seeeduino_SAMD_rolawan\Debug/core.a(USBCore.cpp.o)
                0x00006ed8                USBDeviceClass::initEP(unsigned long, unsigned long)
 .text._ZN14USBDeviceClass13initEndpointsEv
                0x00006fbc       0x24 C:\Users\RS3B\AppData\Local\Temp\VMBuilds\seeedtea\Seeeduino_seeeduino_Seeeduino_SAMD_rolawan\Debug/core.a(USBCore.cpp.o)
                0x00006fbc                USBDeviceClass::initEndpoints()
 .text._ZN14USBDeviceClass5flushEm
                0x00006fe0       0x2c C:\Users\RS3B\AppData\Local\Temp\VMBuilds\seeedtea\Seeeduino_seeeduino_Seeeduino_SAMD_rolawan\Debug/core.a(USBCore.cpp.o)
                0x00006fe0                USBDeviceClass::flush(unsigned long)
 .text._ZN14USBDeviceClass9availableEm
                0x0000700c       0x14 C:\Users\RS3B\AppData\Local\Temp\VMBuilds\seeedtea\Seeeduino_seeeduino_Seeeduino_SAMD_rolawan\Debug/core.a(USBCore.cpp.o)
                0x0000700c                USBDeviceClass::available(unsigned long)
 .text._ZN14USBDeviceClass14armRecvCtrlOUTEm
                0x00007020       0x60 C:\Users\RS3B\AppData\Local\Temp\VMBuilds\seeedtea\Seeeduino_seeeduino_Seeeduino_SAMD_rolawan\Debug/core.a(USBCore.cpp.o)
                0x00007020                USBDeviceClass::armRecvCtrlOUT(unsigned long)
 .text._ZN14USBDeviceClass11recvControlEPvm
                0x00007080       0x3c C:\Users\RS3B\AppData\Local\Temp\VMBuilds\seeedtea\Seeeduino_seeeduino_Seeeduino_SAMD_rolawan\Debug/core.a(USBCore.cpp.o)
                0x00007080                USBDeviceClass::recvControl(void*, unsigned long)
 .text._ZN14USBDeviceClass7armRecvEm
                0x000070bc       0x3c C:\Users\RS3B\AppData\Local\Temp\VMBuilds\seeedtea\Seeeduino_seeeduino_Seeeduino_SAMD_rolawan\Debug/core.a(USBCore.cpp.o)
                0x000070bc                USBDeviceClass::armRecv(unsigned long)
 .text._ZN14USBDeviceClass4recvEmPvm
                0x000070f8       0xa8 C:\Users\RS3B\AppData\Local\Temp\VMBuilds\seeedtea\Seeeduino_seeeduino_Seeeduino_SAMD_rolawan\Debug/core.a(USBCore.cpp.o)
                0x000070f8                USBDeviceClass::recv(unsigned long, void*, unsigned long)
 .text._ZN14USBDeviceClass4sendEmPKvm
                0x000071a0       0xb4 C:\Users\RS3B\AppData\Local\Temp\VMBuilds\seeedtea\Seeeduino_seeeduino_Seeeduino_SAMD_rolawan\Debug/core.a(USBCore.cpp.o)
                0x000071a0                USBDeviceClass::send(unsigned long, void const*, unsigned long)
 .text._ZN14USBDeviceClass7armSendEmPKvm
                0x00007254       0x48 C:\Users\RS3B\AppData\Local\Temp\VMBuilds\seeedtea\Seeeduino_seeeduino_Seeeduino_SAMD_rolawan\Debug/core.a(USBCore.cpp.o)
                0x00007254                USBDeviceClass::armSend(unsigned long, void const*, unsigned long)
 .text._ZN14USBDeviceClass11sendControlEPKvm
                0x0000729c       0x58 C:\Users\RS3B\AppData\Local\Temp\VMBuilds\seeedtea\Seeeduino_seeeduino_Seeeduino_SAMD_rolawan\Debug/core.a(USBCore.cpp.o)
                0x0000729c                USBDeviceClass::sendControl(void const*, unsigned long)
 .text._ZN14USBDeviceClass20sendStringDescriptorEPKhh
                0x000072f4       0x68 C:\Users\RS3B\AppData\Local\Temp\VMBuilds\seeedtea\Seeeduino_seeeduino_Seeeduino_SAMD_rolawan\Debug/core.a(USBCore.cpp.o)
                0x000072f4                USBDeviceClass::sendStringDescriptor(unsigned char const*, unsigned char)
 .text._ZN14USBDeviceClass12packMessagesEb.part.3
                0x0000735c       0x20 C:\Users\RS3B\AppData\Local\Temp\VMBuilds\seeedtea\Seeeduino_seeeduino_Seeeduino_SAMD_rolawan\Debug/core.a(USBCore.cpp.o)
 .text._ZN14USBDeviceClass17sendConfigurationEm
                0x0000737c       0x90 C:\Users\RS3B\AppData\Local\Temp\VMBuilds\seeedtea\Seeeduino_seeeduino_Seeeduino_SAMD_rolawan\Debug/core.a(USBCore.cpp.o)
                0x0000737c                USBDeviceClass::sendConfiguration(unsigned long)
 .text._ZN14USBDeviceClass14sendDescriptorER8USBSetup
                0x0000740c       0xb4 C:\Users\RS3B\AppData\Local\Temp\VMBuilds\seeedtea\Seeeduino_seeeduino_Seeeduino_SAMD_rolawan\Debug/core.a(USBCore.cpp.o)
                0x0000740c                USBDeviceClass::sendDescriptor(USBSetup&)
 .text._ZN14USBDeviceClass19handleStandardSetupER8USBSetup
                0x000074c0      0x11c C:\Users\RS3B\AppData\Local\Temp\VMBuilds\seeedtea\Seeeduino_seeeduino_Seeeduino_SAMD_rolawan\Debug/core.a(USBCore.cpp.o)
                0x000074c0                USBDeviceClass::handleStandardSetup(USBSetup&)
 .text.startup._GLOBAL__sub_I__ZN20USBDevice_SAMD21G18x5resetEv
                0x000075dc       0x10 C:\Users\RS3B\AppData\Local\Temp\VMBuilds\seeedtea\Seeeduino_seeeduino_Seeeduino_SAMD_rolawan\Debug/core.a(USBCore.cpp.o)
 .text._ZN14USBDeviceClass14handleEndpointEh
                0x000075ec       0x5c C:\Users\RS3B\AppData\Local\Temp\VMBuilds\seeedtea\Seeeduino_seeeduino_Seeeduino_SAMD_rolawan\Debug/core.a(USBCore.cpp.o)
                0x000075ec                USBDeviceClass::handleEndpoint(unsigned char)
 .text._ZN14USBDeviceClass10ISRHandlerEv
                0x00007648      0x140 C:\Users\RS3B\AppData\Local\Temp\VMBuilds\seeedtea\Seeeduino_seeeduino_Seeeduino_SAMD_rolawan\Debug/core.a(USBCore.cpp.o)
                0x00007648                USBDeviceClass::ISRHandler()
 .text.UDD_Handler
                0x00007788       0x10 C:\Users\RS3B\AppData\Local\Temp\VMBuilds\seeedtea\Seeeduino_seeeduino_Seeeduino_SAMD_rolawan\Debug/core.a(USBCore.cpp.o)
                0x00007788                UDD_Handler
 .text.countPulseASM
                0x00007798       0x3c C:\Users\RS3B\AppData\Local\Temp\VMBuilds\seeedtea\Seeeduino_seeeduino_Seeeduino_SAMD_rolawan\Debug/core.a(pulse_asm.S.o)
                0x00007798                countPulseASM
 .text._ZN13PluggableUSB_12getInterfaceEPh
                0x000077d4       0x2a C:\Users\RS3B\AppData\Local\Temp\VMBuilds\seeedtea\Seeeduino_seeeduino_Seeeduino_SAMD_rolawan\Debug/core.a(PluggableUSB.cpp.o)
                0x000077d4                PluggableUSB_::getInterface(unsigned char*)
 .text._ZN13PluggableUSB_13getDescriptorER8USBSetup
                0x000077fe       0x20 C:\Users\RS3B\AppData\Local\Temp\VMBuilds\seeedtea\Seeeduino_seeeduino_Seeeduino_SAMD_rolawan\Debug/core.a(PluggableUSB.cpp.o)
                0x000077fe                PluggableUSB_::getDescriptor(USBSetup&)
 .text._ZN13PluggableUSB_12getShortNameEPc
                0x0000781e       0x1e C:\Users\RS3B\AppData\Local\Temp\VMBuilds\seeedtea\Seeeduino_seeeduino_Seeeduino_SAMD_rolawan\Debug/core.a(PluggableUSB.cpp.o)
                0x0000781e                PluggableUSB_::getShortName(char*)
 .text._ZN13PluggableUSB_5setupER8USBSetup
                0x0000783c       0x24 C:\Users\RS3B\AppData\Local\Temp\VMBuilds\seeedtea\Seeeduino_seeeduino_Seeeduino_SAMD_rolawan\Debug/core.a(PluggableUSB.cpp.o)
                0x0000783c                PluggableUSB_::setup(USBSetup&)
 .text._Z12PluggableUSBv
                0x00007860       0x24 C:\Users\RS3B\AppData\Local\Temp\VMBuilds\seeedtea\Seeeduino_seeeduino_Seeeduino_SAMD_rolawan\Debug/core.a(PluggableUSB.cpp.o)
                0x00007860                PluggableUSB()
 .text          0x00007884       0x14 c:/users/rs3b/appdata/local/arduino15/packages/seeeduino/tools/arm-none-eabi-gcc/4.8.3-2014q1/bin/../lib/gcc/arm-none-eabi/4.8.3/armv6-m\libgcc.a(_thumb1_case_uqi.o)
                0x00007884                __gnu_thumb1_case_uqi
 .text          0x00007898       0x9c c:/users/rs3b/appdata/local/arduino15/packages/seeeduino/tools/arm-none-eabi-gcc/4.8.3-2014q1/bin/../lib/gcc/arm-none-eabi/4.8.3/armv6-m\libgcc.a(_udivsi3.o)
                0x00007898                __aeabi_uidiv
                0x00007898                __udivsi3
                0x00007920                __aeabi_uidivmod
 .text          0x00007934       0xc0 c:/users/rs3b/appdata/local/arduino15/packages/seeeduino/tools/arm-none-eabi-gcc/4.8.3-2014q1/bin/../lib/gcc/arm-none-eabi/4.8.3/armv6-m\libgcc.a(_divsi3.o)
                0x00007934                __divsi3
                0x00007934                __aeabi_idiv
                0x000079e0                __aeabi_idivmod
 .text          0x000079f4        0x4 c:/users/rs3b/appdata/local/arduino15/packages/seeeduino/tools/arm-none-eabi-gcc/4.8.3-2014q1/bin/../lib/gcc/arm-none-eabi/4.8.3/armv6-m\libgcc.a(_dvmd_tls.o)
                0x000079f4                __aeabi_idiv0
                0x000079f4                __aeabi_ldiv0
 .text          0x000079f8       0x7c c:/users/rs3b/appdata/local/arduino15/packages/seeeduino/tools/arm-none-eabi-gcc/4.8.3-2014q1/bin/../lib/gcc/arm-none-eabi/4.8.3/armv6-m\libgcc.a(_arm_cmpdf2.o)
                0x000079f8                __aeabi_cdrcmple
                0x00007a08                __aeabi_cdcmple
                0x00007a08                __aeabi_cdcmpeq
                0x00007a18                __aeabi_dcmpeq
                0x00007a24                __aeabi_dcmplt
                0x00007a38                __aeabi_dcmple
                0x00007a4c                __aeabi_dcmpgt
                0x00007a60                __aeabi_dcmpge
 .text          0x00007a74       0x74 c:/users/rs3b/appdata/local/arduino15/packages/seeeduino/tools/arm-none-eabi-gcc/4.8.3-2014q1/bin/../lib/gcc/arm-none-eabi/4.8.3/armv6-m\libgcc.a(_arm_cmpsf2.o)
                0x00007a74                __aeabi_cfrcmple
                0x00007a7c                __aeabi_cfcmpeq
                0x00007a7c                __aeabi_cfcmple
                0x00007a8c                __aeabi_fcmpeq
                0x00007a98                __aeabi_fcmplt
                0x00007aac                __aeabi_fcmple
                0x00007ac0                __aeabi_fcmpgt
                0x00007ad4                __aeabi_fcmpge
 .text          0x00007ae8       0x48 c:/users/rs3b/appdata/local/arduino15/packages/seeeduino/tools/arm-none-eabi-gcc/4.8.3-2014q1/bin/../lib/gcc/arm-none-eabi/4.8.3/armv6-m\libgcc.a(_aeabi_ldivmod.o)
                0x00007ae8                __aeabi_ldivmod
 .text          0x00007b30       0x44 c:/users/rs3b/appdata/local/arduino15/packages/seeeduino/tools/arm-none-eabi-gcc/4.8.3-2014q1/bin/../lib/gcc/arm-none-eabi/4.8.3/armv6-m\libgcc.a(_muldi3.o)
                0x00007b30                __muldi3
                0x00007b30                __aeabi_lmul
 .text          0x00007b74       0x30 c:/users/rs3b/appdata/local/arduino15/packages/seeeduino/tools/arm-none-eabi-gcc/4.8.3-2014q1/bin/../lib/gcc/arm-none-eabi/4.8.3/armv6-m\libgcc.a(_fixunssfsi.o)
                0x00007b74                __fixunssfsi
                0x00007b74                __aeabi_f2uiz
 *fill*         0x00007ba4        0x4 
 .text          0x00007ba8       0x40 c:/users/rs3b/appdata/local/arduino15/packages/seeeduino/tools/arm-none-eabi-gcc/4.8.3-2014q1/bin/../lib/gcc/arm-none-eabi/4.8.3/armv6-m\libgcc.a(_fixunsdfsi.o)
                0x00007ba8                __aeabi_d2uiz
                0x00007ba8                __fixunsdfsi
 .text          0x00007be8       0x6c c:/users/rs3b/appdata/local/arduino15/packages/seeeduino/tools/arm-none-eabi-gcc/4.8.3-2014q1/bin/../lib/gcc/arm-none-eabi/4.8.3/armv6-m\libgcc.a(bpabi.o)
                0x00007be8                __gnu_ldivmod_helper
                0x00007c20                __gnu_uldivmod_helper
 .text          0x00007c54      0x2c8 c:/users/rs3b/appdata/local/arduino15/packages/seeeduino/tools/arm-none-eabi-gcc/4.8.3-2014q1/bin/../lib/gcc/arm-none-eabi/4.8.3/armv6-m\libgcc.a(addsf3.o)
                0x00007c54                __aeabi_fadd
 .text          0x00007f1c      0x24c c:/users/rs3b/appdata/local/arduino15/packages/seeeduino/tools/arm-none-eabi-gcc/4.8.3-2014q1/bin/../lib/gcc/arm-none-eabi/4.8.3/armv6-m\libgcc.a(divsf3.o)
                0x00007f1c                __aeabi_fdiv
 .text          0x00008168       0x54 c:/users/rs3b/appdata/local/arduino15/packages/seeeduino/tools/arm-none-eabi-gcc/4.8.3-2014q1/bin/../lib/gcc/arm-none-eabi/4.8.3/armv6-m\libgcc.a(eqsf2.o)
                0x00008168                __eqsf2
                0x00008168                __nesf2
 .text          0x000081bc       0x90 c:/users/rs3b/appdata/local/arduino15/packages/seeeduino/tools/arm-none-eabi-gcc/4.8.3-2014q1/bin/../lib/gcc/arm-none-eabi/4.8.3/armv6-m\libgcc.a(gesf2.o)
                0x000081bc                __gesf2
                0x000081bc                __gtsf2
 .text          0x0000824c       0x98 c:/users/rs3b/appdata/local/arduino15/packages/seeeduino/tools/arm-none-eabi-gcc/4.8.3-2014q1/bin/../lib/gcc/arm-none-eabi/4.8.3/armv6-m\libgcc.a(lesf2.o)
                0x0000824c                __ltsf2
                0x0000824c                __lesf2
 .text          0x000082e4      0x254 c:/users/rs3b/appdata/local/arduino15/packages/seeeduino/tools/arm-none-eabi-gcc/4.8.3-2014q1/bin/../lib/gcc/arm-none-eabi/4.8.3/armv6-m\libgcc.a(mulsf3.o)
                0x000082e4                __aeabi_fmul
 .text          0x00008538      0x2e0 c:/users/rs3b/appdata/local/arduino15/packages/seeeduino/tools/arm-none-eabi-gcc/4.8.3-2014q1/bin/../lib/gcc/arm-none-eabi/4.8.3/armv6-m\libgcc.a(subsf3.o)
                0x00008538                __aeabi_fsub
 .text          0x00008818       0x40 c:/users/rs3b/appdata/local/arduino15/packages/seeeduino/tools/arm-none-eabi-gcc/4.8.3-2014q1/bin/../lib/gcc/arm-none-eabi/4.8.3/armv6-m\libgcc.a(fixsfsi.o)
                0x00008818                __aeabi_f2iz
 .text          0x00008858       0xb8 c:/users/rs3b/appdata/local/arduino15/packages/seeeduino/tools/arm-none-eabi-gcc/4.8.3-2014q1/bin/../lib/gcc/arm-none-eabi/4.8.3/armv6-m\libgcc.a(floatsisf.o)
                0x00008858                __aeabi_i2f
 .text          0x00008910       0xa0 c:/users/rs3b/appdata/local/arduino15/packages/seeeduino/tools/arm-none-eabi-gcc/4.8.3-2014q1/bin/../lib/gcc/arm-none-eabi/4.8.3/armv6-m\libgcc.a(floatunsisf.o)
                0x00008910                __aeabi_ui2f
 .text          0x000089b0      0x638 c:/users/rs3b/appdata/local/arduino15/packages/seeeduino/tools/arm-none-eabi-gcc/4.8.3-2014q1/bin/../lib/gcc/arm-none-eabi/4.8.3/armv6-m\libgcc.a(adddf3.o)
                0x000089b0                __aeabi_dadd
 .text          0x00008fe8      0x648 c:/users/rs3b/appdata/local/arduino15/packages/seeeduino/tools/arm-none-eabi-gcc/4.8.3-2014q1/bin/../lib/gcc/arm-none-eabi/4.8.3/armv6-m\libgcc.a(divdf3.o)
                0x00008fe8                __aeabi_ddiv
 .text          0x00009630       0x94 c:/users/rs3b/appdata/local/arduino15/packages/seeeduino/tools/arm-none-eabi-gcc/4.8.3-2014q1/bin/../lib/gcc/arm-none-eabi/4.8.3/armv6-m\libgcc.a(eqdf2.o)
                0x00009630                __nedf2
                0x00009630                __eqdf2
 .text          0x000096c4       0xfc c:/users/rs3b/appdata/local/arduino15/packages/seeeduino/tools/arm-none-eabi-gcc/4.8.3-2014q1/bin/../lib/gcc/arm-none-eabi/4.8.3/armv6-m\libgcc.a(gedf2.o)
                0x000096c4                __gedf2
                0x000096c4                __gtdf2
 .text          0x000097c0       0xfc c:/users/rs3b/appdata/local/arduino15/packages/seeeduino/tools/arm-none-eabi-gcc/4.8.3-2014q1/bin/../lib/gcc/arm-none-eabi/4.8.3/armv6-m\libgcc.a(ledf2.o)
                0x000097c0                __ledf2
                0x000097c0                __ltdf2
 .text          0x000098bc      0x520 c:/users/rs3b/appdata/local/arduino15/packages/seeeduino/tools/arm-none-eabi-gcc/4.8.3-2014q1/bin/../lib/gcc/arm-none-eabi/4.8.3/armv6-m\libgcc.a(muldf3.o)
                0x000098bc                __aeabi_dmul
 .text          0x00009ddc      0x654 c:/users/rs3b/appdata/local/arduino15/packages/seeeduino/tools/arm-none-eabi-gcc/4.8.3-2014q1/bin/../lib/gcc/arm-none-eabi/4.8.3/armv6-m\libgcc.a(subdf3.o)
                0x00009ddc                __aeabi_dsub
 .text          0x0000a430       0x68 c:/users/rs3b/appdata/local/arduino15/packages/seeeduino/tools/arm-none-eabi-gcc/4.8.3-2014q1/bin/../lib/gcc/arm-none-eabi/4.8.3/armv6-m\libgcc.a(fixdfsi.o)
                0x0000a430                __aeabi_d2iz
 .text          0x0000a498       0x7c c:/users/rs3b/appdata/local/arduino15/packages/seeeduino/tools/arm-none-eabi-gcc/4.8.3-2014q1/bin/../lib/gcc/arm-none-eabi/4.8.3/armv6-m\libgcc.a(floatsidf.o)
                0x0000a498                __aeabi_i2d
 .text          0x0000a514       0x68 c:/users/rs3b/appdata/local/arduino15/packages/seeeduino/tools/arm-none-eabi-gcc/4.8.3-2014q1/bin/../lib/gcc/arm-none-eabi/4.8.3/armv6-m\libgcc.a(floatunsidf.o)
                0x0000a514                __aeabi_ui2d
 .text          0x0000a57c       0xa4 c:/users/rs3b/appdata/local/arduino15/packages/seeeduino/tools/arm-none-eabi-gcc/4.8.3-2014q1/bin/../lib/gcc/arm-none-eabi/4.8.3/armv6-m\libgcc.a(extendsfdf2.o)
                0x0000a57c                __aeabi_f2d
 .text          0x0000a620      0x118 c:/users/rs3b/appdata/local/arduino15/packages/seeeduino/tools/arm-none-eabi-gcc/4.8.3-2014q1/bin/../lib/gcc/arm-none-eabi/4.8.3/armv6-m\libgcc.a(truncdfsf2.o)
                0x0000a620                __aeabi_d2f
 .text          0x0000a738       0x3c c:/users/rs3b/appdata/local/arduino15/packages/seeeduino/tools/arm-none-eabi-gcc/4.8.3-2014q1/bin/../lib/gcc/arm-none-eabi/4.8.3/armv6-m\libgcc.a(_clzsi2.o)
                0x0000a738                __clzsi2
 .text          0x0000a774      0x3b8 c:/users/rs3b/appdata/local/arduino15/packages/seeeduino/tools/arm-none-eabi-gcc/4.8.3-2014q1/bin/../lib/gcc/arm-none-eabi/4.8.3/armv6-m\libgcc.a(_divdi3.o)
                0x0000a774                __divdi3
 .text          0x0000ab2c      0x384 c:/users/rs3b/appdata/local/arduino15/packages/seeeduino/tools/arm-none-eabi-gcc/4.8.3-2014q1/bin/../lib/gcc/arm-none-eabi/4.8.3/armv6-m\libgcc.a(_udivdi3.o)
                0x0000ab2c                __udivdi3
 .text.__aeabi_atexit
                0x0000aeb0        0xe c:/users/rs3b/appdata/local/arduino15/packages/seeeduino/tools/arm-none-eabi-gcc/4.8.3-2014q1/bin/../lib/gcc/arm-none-eabi/4.8.3/../../../../arm-none-eabi/lib/armv6-m\libc_s.a(lib_a-aeabi_atexit.o)
                0x0000aeb0                __aeabi_atexit
 .text.atoi     0x0000aebe        0xc c:/users/rs3b/appdata/local/arduino15/packages/seeeduino/tools/arm-none-eabi-gcc/4.8.3-2014q1/bin/../lib/gcc/arm-none-eabi/4.8.3/../../../../arm-none-eabi/lib/armv6-m\libc_s.a(lib_a-atoi.o)
                0x0000aebe                atoi
 *fill*         0x0000aeca        0x2 
 .text.__cxa_atexit
                0x0000aecc       0x20 c:/users/rs3b/appdata/local/arduino15/packages/seeeduino/tools/arm-none-eabi-gcc/4.8.3-2014q1/bin/../lib/gcc/arm-none-eabi/4.8.3/../../../../arm-none-eabi/lib/armv6-m\libc_s.a(lib_a-cxa_atexit.o)
                0x0000aecc                __cxa_atexit
 .text.__errno  0x0000aeec        0xc c:/users/rs3b/appdata/local/arduino15/packages/seeeduino/tools/arm-none-eabi-gcc/4.8.3-2014q1/bin/../lib/gcc/arm-none-eabi/4.8.3/../../../../arm-none-eabi/lib/armv6-m\libc_s.a(lib_a-errno.o)
                0x0000aeec                __errno
 .text.__libc_init_array
                0x0000aef8       0x4c c:/users/rs3b/appdata/local/arduino15/packages/seeeduino/tools/arm-none-eabi-gcc/4.8.3-2014q1/bin/../lib/gcc/arm-none-eabi/4.8.3/../../../../arm-none-eabi/lib/armv6-m\libc_s.a(lib_a-init.o)
                0x0000aef8                __libc_init_array
 .text.memcpy   0x0000af44       0x12 c:/users/rs3b/appdata/local/arduino15/packages/seeeduino/tools/arm-none-eabi-gcc/4.8.3-2014q1/bin/../lib/gcc/arm-none-eabi/4.8.3/../../../../arm-none-eabi/lib/armv6-m\libc_s.a(lib_a-memcpy-stub.o)
                0x0000af44                memcpy
 .text.memset   0x0000af56       0x10 c:/users/rs3b/appdata/local/arduino15/packages/seeeduino/tools/arm-none-eabi-gcc/4.8.3-2014q1/bin/../lib/gcc/arm-none-eabi/4.8.3/../../../../arm-none-eabi/lib/armv6-m\libc_s.a(lib_a-memset.o)
                0x0000af56                memset
 *fill*         0x0000af66        0x2 
 .text.sprintf  0x0000af68       0x44 c:/users/rs3b/appdata/local/arduino15/packages/seeeduino/tools/arm-none-eabi-gcc/4.8.3-2014q1/bin/../lib/gcc/arm-none-eabi/4.8.3/../../../../arm-none-eabi/lib/armv6-m\libc_s.a(lib_a-sprintf.o)
                0x0000af68                siprintf
                0x0000af68                sprintf
 .text.strlen   0x0000afac        0xe c:/users/rs3b/appdata/local/arduino15/packages/seeeduino/tools/arm-none-eabi-gcc/4.8.3-2014q1/bin/../lib/gcc/arm-none-eabi/4.8.3/../../../../arm-none-eabi/lib/armv6-m\libc_s.a(lib_a-strlen.o)
                0x0000afac                strlen
 .text.strstr   0x0000afba       0x32 c:/users/rs3b/appdata/local/arduino15/packages/seeeduino/tools/arm-none-eabi-gcc/4.8.3-2014q1/bin/../lib/gcc/arm-none-eabi/4.8.3/../../../../arm-none-eabi/lib/armv6-m\libc_s.a(lib_a-strstr.o)
                0x0000afba                strstr
 .text._strtol_r
                0x0000afec      0x114 c:/users/rs3b/appdata/local/arduino15/packages/seeeduino/tools/arm-none-eabi-gcc/4.8.3-2014q1/bin/../lib/gcc/arm-none-eabi/4.8.3/../../../../arm-none-eabi/lib/armv6-m\libc_s.a(lib_a-strtol.o)
                0x0000afec                _strtol_r
 .text.strtol   0x0000b100       0x1c c:/users/rs3b/appdata/local/arduino15/packages/seeeduino/tools/arm-none-eabi-gcc/4.8.3-2014q1/bin/../lib/gcc/arm-none-eabi/4.8.3/../../../../arm-none-eabi/lib/armv6-m\libc_s.a(lib_a-strtol.o)
                0x0000b100                strtol
 .text.__ssputs_r
                0x0000b11c       0xc0 c:/users/rs3b/appdata/local/arduino15/packages/seeeduino/tools/arm-none-eabi-gcc/4.8.3-2014q1/bin/../lib/gcc/arm-none-eabi/4.8.3/../../../../arm-none-eabi/lib/armv6-m\libc_s.a(lib_a-svfprintf.o)
                0x0000b11c                __ssputs_r
 .text._svfprintf_r
                0x0000b1dc      0x1e0 c:/users/rs3b/appdata/local/arduino15/packages/seeeduino/tools/arm-none-eabi-gcc/4.8.3-2014q1/bin/../lib/gcc/arm-none-eabi/4.8.3/../../../../arm-none-eabi/lib/armv6-m\libc_s.a(lib_a-svfprintf.o)
                0x0000b1dc                _svfiprintf_r
                0x0000b1dc                _svfprintf_r
 .text._printf_common
                0x0000b3bc       0xe8 c:/users/rs3b/appdata/local/arduino15/packages/seeeduino/tools/arm-none-eabi-gcc/4.8.3-2014q1/bin/../lib/gcc/arm-none-eabi/4.8.3/../../../../arm-none-eabi/lib/armv6-m\libc_s.a(lib_a-vfprintf_i.o)
                0x0000b3bc                _printf_common
 .text._printf_i
                0x0000b4a4      0x22c c:/users/rs3b/appdata/local/arduino15/packages/seeeduino/tools/arm-none-eabi-gcc/4.8.3-2014q1/bin/../lib/gcc/arm-none-eabi/4.8.3/../../../../arm-none-eabi/lib/armv6-m\libc_s.a(lib_a-vfprintf_i.o)
                0x0000b4a4                _printf_i
 .text.memchr   0x0000b6d0       0x16 c:/users/rs3b/appdata/local/arduino15/packages/seeeduino/tools/arm-none-eabi-gcc/4.8.3-2014q1/bin/../lib/gcc/arm-none-eabi/4.8.3/../../../../arm-none-eabi/lib/armv6-m\libc_s.a(lib_a-memchr-stub.o)
                0x0000b6d0                memchr
 .text.memmove  0x0000b6e6       0x32 c:/users/rs3b/appdata/local/arduino15/packages/seeeduino/tools/arm-none-eabi-gcc/4.8.3-2014q1/bin/../lib/gcc/arm-none-eabi/4.8.3/../../../../arm-none-eabi/lib/armv6-m\libc_s.a(lib_a-memmove.o)
                0x0000b6e6                memmove
 .text._free_r  0x0000b718       0x90 c:/users/rs3b/appdata/local/arduino15/packages/seeeduino/tools/arm-none-eabi-gcc/4.8.3-2014q1/bin/../lib/gcc/arm-none-eabi/4.8.3/../../../../arm-none-eabi/lib/armv6-m\libc_s.a(lib_a-nano-freer.o)
                0x0000b718                _free_r
 .text._malloc_r
                0x0000b7a8       0xa8 c:/users/rs3b/appdata/local/arduino15/packages/seeeduino/tools/arm-none-eabi-gcc/4.8.3-2014q1/bin/../lib/gcc/arm-none-eabi/4.8.3/../../../../arm-none-eabi/lib/armv6-m\libc_s.a(lib_a-nano-mallocr.o)
                0x0000b7a8                _malloc_r
 .text._realloc_r
                0x0000b850       0x4c c:/users/rs3b/appdata/local/arduino15/packages/seeeduino/tools/arm-none-eabi-gcc/4.8.3-2014q1/bin/../lib/gcc/arm-none-eabi/4.8.3/../../../../arm-none-eabi/lib/armv6-m\libc_s.a(lib_a-nano-reallocr.o)
                0x0000b850                _realloc_r
 .text._sbrk_r  0x0000b89c       0x24 c:/users/rs3b/appdata/local/arduino15/packages/seeeduino/tools/arm-none-eabi-gcc/4.8.3-2014q1/bin/../lib/gcc/arm-none-eabi/4.8.3/../../../../arm-none-eabi/lib/armv6-m\libc_s.a(lib_a-sbrkr.o)
                0x0000b89c                _sbrk_r
 .text._malloc_usable_size_r
                0x0000b8c0       0x12 c:/users/rs3b/appdata/local/arduino15/packages/seeeduino/tools/arm-none-eabi-gcc/4.8.3-2014q1/bin/../lib/gcc/arm-none-eabi/4.8.3/../../../../arm-none-eabi/lib/armv6-m\libc_s.a(lib_a-nano-msizer.o)
                0x0000b8c0                _malloc_usable_size_r
 *fill*         0x0000b8d2        0x2 
 .text._sbrk    0x0000b8d4       0x34 c:/users/rs3b/appdata/local/arduino15/packages/seeeduino/tools/arm-none-eabi-gcc/4.8.3-2014q1/bin/../lib/gcc/arm-none-eabi/4.8.3/../../../../arm-none-eabi/lib/armv6-m\libnosys.a(sbrk.o)
                0x0000b8d4                _sbrk
 *(.init)
 .init          0x0000b908        0x4 c:/users/rs3b/appdata/local/arduino15/packages/seeeduino/tools/arm-none-eabi-gcc/4.8.3-2014q1/bin/../lib/gcc/arm-none-eabi/4.8.3/armv6-m/crti.o
                0x0000b908                _init
 .init          0x0000b90c        0x8 c:/users/rs3b/appdata/local/arduino15/packages/seeeduino/tools/arm-none-eabi-gcc/4.8.3-2014q1/bin/../lib/gcc/arm-none-eabi/4.8.3/armv6-m/crtn.o
 *(.fini)
 .fini          0x0000b914        0x4 c:/users/rs3b/appdata/local/arduino15/packages/seeeduino/tools/arm-none-eabi-gcc/4.8.3-2014q1/bin/../lib/gcc/arm-none-eabi/4.8.3/armv6-m/crti.o
                0x0000b914                _fini
 .fini          0x0000b918        0x8 c:/users/rs3b/appdata/local/arduino15/packages/seeeduino/tools/arm-none-eabi-gcc/4.8.3-2014q1/bin/../lib/gcc/arm-none-eabi/4.8.3/armv6-m/crtn.o
 *crtbegin.o(.ctors)
 *crtbegin?.o(.ctors)
 *(EXCLUDE_FILE(*crtend.o *crtend?.o) .ctors)
 *(SORT(.ctors.*))
 *(.ctors)
 *crtbegin.o(.dtors)
 *crtbegin?.o(.dtors)
 *(EXCLUDE_FILE(*crtend.o *crtend?.o) .dtors)
 *(SORT(.dtors.*))
 *(.dtors)
 *(.rodata*)
 .rodata.str1.1
                0x0000b920       0x3d C:\Users\RS3B\AppData\Local\Temp\VMBuilds\seeedtea\Seeeduino_seeeduino_Seeeduino_SAMD_rolawan\Debug\seeedtea.cpp.o
                                 0x46 (size before relaxing)
 .rodata._ZL14cmd_get_sensor
                0x0000b95d        0x9 C:\Users\RS3B\AppData\Local\Temp\VMBuilds\seeedtea\Seeeduino_seeeduino_Seeeduino_SAMD_rolawan\Debug\CO2.cpp.o
 .rodata.str1.1
                0x0000b966       0x21 C:\Users\RS3B\AppData\Local\Temp\VMBuilds\seeedtea\Seeeduino_seeeduino_Seeeduino_SAMD_rolawan\Debug\seeed_Lora.cpp.o
 *fill*         0x0000b987        0x1 
 .rodata._ZTV7TwoWire